
2025/03/06 (00:42:42) | ===> btop++ v.1.4.0
2025/03/06 (00:42:42) | WARNING: ROCm SMI: Failed to get maximum GPU temperature, defaulting to 110°C
2025/03/06 (00:42:42) | WARNING: ROCm SMI: Failed to get PCIe throughput

2025/03/06 (08:51:47) | ===> btop++ v.1.4.0
2025/03/06 (08:51:47) | WARNING: ROCm SMI: Failed to get maximum GPU temperature, defaulting to 110°C
2025/03/06 (08:51:47) | WARNING: ROCm SMI: Failed to get PCIe throughput

2025/03/06 (19:51:01) | ===> btop++ v.1.4.0
2025/03/06 (19:51:01) | WARNING: ROCm SMI: Failed to get maximum GPU temperature, defaulting to 110°C
2025/03/06 (19:51:01) | WARNING: ROCm SMI: Failed to get PCIe throughput

2025/03/06 (19:57:53) | ===> btop++ v.1.4.0
2025/03/06 (19:57:53) | WARNING: ROCm SMI: Failed to get maximum GPU temperature, defaulting to 110°C
2025/03/06 (19:57:53) | WARNING: ROCm SMI: Failed to get PCIe throughput

2025/03/06 (20:07:57) | ===> btop++ v.1.4.0
2025/03/06 (20:07:57) | WARNING: ROCm SMI: Failed to get maximum GPU temperature, defaulting to 110°C
2025/03/06 (20:07:57) | WARNING: ROCm SMI: Failed to get PCIe throughput

2025/03/06 (20:16:42) | ===> btop++ v.1.4.0
2025/03/06 (20:16:42) | WARNING: ROCm SMI: Failed to get maximum GPU temperature, defaulting to 110°C
2025/03/06 (20:16:42) | WARNING: ROCm SMI: Failed to get PCIe throughput

2025/03/06 (20:42:45) | ===> btop++ v.1.4.0
2025/03/06 (20:42:45) | WARNING: ROCm SMI: Failed to get maximum GPU temperature, defaulting to 110°C
2025/03/06 (20:42:45) | WARNING: ROCm SMI: Failed to get PCIe throughput

2025/03/06 (20:51:08) | ===> btop++ v.1.4.0
2025/03/06 (20:51:08) | WARNING: ROCm SMI: Failed to get maximum GPU temperature, defaulting to 110°C
2025/03/06 (20:51:08) | WARNING: ROCm SMI: Failed to get PCIe throughput
2025/03/06 (21:19:25) | WARNING: Failed to join _runner thread on exit!

2025/03/07 (09:27:44) | ===> btop++ v.1.4.0
2025/03/07 (09:27:44) | WARNING: ROCm SMI: Failed to get maximum GPU temperature, defaulting to 110°C
2025/03/07 (09:27:44) | WARNING: ROCm SMI: Failed to get PCIe throughput
2025/03/07 (09:29:15) | WARNING: Failed to join _runner thread on exit!

2025/03/08 (16:32:05) | ===> btop++ v.1.4.0
2025/03/08 (16:32:05) | WARNING: ROCm SMI: Failed to get maximum GPU temperature, defaulting to 110°C
2025/03/08 (16:32:05) | WARNING: ROCm SMI: Failed to get PCIe throughput

2025/03/08 (16:38:22) | ===> btop++ v.1.4.0
2025/03/08 (16:38:22) | WARNING: ROCm SMI: Failed to get maximum GPU temperature, defaulting to 110°C
2025/03/08 (16:38:22) | WARNING: ROCm SMI: Failed to get PCIe throughput
2025/03/08 (16:45:20) | WARNING: Failed to join _runner thread on exit!

2025/03/09 (15:43:04) | ===> btop++ v.1.4.0
2025/03/09 (15:43:04) | WARNING: ROCm SMI: Failed to get maximum GPU temperature, defaulting to 110°C
2025/03/09 (15:43:04) | WARNING: ROCm SMI: Failed to get PCIe throughput
2025/03/09 (15:43:41) | WARNING: Failed to join _runner thread on exit!

2025/03/10 (09:09:55) | ===> btop++ v.1.4.0
2025/03/10 (09:09:55) | WARNING: ROCm SMI: Failed to get maximum GPU temperature, defaulting to 110°C
2025/03/10 (09:09:55) | WARNING: ROCm SMI: Failed to get PCIe throughput

2025/03/10 (09:31:16) | ===> btop++ v.1.4.0
2025/03/10 (09:31:16) | WARNING: ROCm SMI: Failed to get maximum GPU temperature, defaulting to 110°C
2025/03/10 (09:31:16) | WARNING: ROCm SMI: Failed to get PCIe throughput

2025/03/10 (21:07:21) | ===> btop++ v.1.4.0
2025/03/10 (21:07:21) | WARNING: ROCm SMI: Failed to get maximum GPU temperature, defaulting to 110°C
2025/03/10 (21:07:21) | WARNING: ROCm SMI: Failed to get PCIe throughput

2025/03/11 (18:20:43) | ===> btop++ v.1.4.0
2025/03/11 (18:20:43) | WARNING: ROCm SMI: Failed to get maximum GPU temperature, defaulting to 110°C
2025/03/11 (18:20:43) | WARNING: ROCm SMI: Failed to get PCIe throughput

2025/03/12 (19:10:27) | ===> btop++ v.1.4.0
2025/03/12 (19:10:27) | WARNING: ROCm SMI: Failed to get maximum GPU temperature, defaulting to 110°C
2025/03/12 (19:10:27) | WARNING: ROCm SMI: Failed to get PCIe throughput

2025/03/13 (09:45:28) | ===> btop++ v.1.4.0
2025/03/13 (09:45:28) | WARNING: ROCm SMI: Failed to get maximum GPU temperature, defaulting to 110°C
2025/03/13 (09:45:28) | WARNING: ROCm SMI: Failed to get PCIe throughput

2025/03/13 (18:45:12) | ===> btop++ v.1.4.0
2025/03/13 (18:45:12) | WARNING: ROCm SMI: Failed to get maximum GPU temperature, defaulting to 110°C
2025/03/13 (18:45:12) | WARNING: ROCm SMI: Failed to get PCIe throughput

2025/03/13 (19:29:55) | ===> btop++ v.1.4.0
2025/03/13 (19:29:55) | WARNING: ROCm SMI: Failed to get maximum GPU temperature, defaulting to 110°C
2025/03/13 (19:29:55) | WARNING: ROCm SMI: Failed to get PCIe throughput

2025/03/13 (19:40:47) | ===> btop++ v.1.4.0
2025/03/13 (19:40:47) | WARNING: ROCm SMI: Failed to get maximum GPU temperature, defaulting to 110°C
2025/03/13 (19:40:47) | WARNING: ROCm SMI: Failed to get PCIe throughput

2025/03/13 (20:32:49) | ===> btop++ v.1.4.0
2025/03/13 (20:32:49) | WARNING: ROCm SMI: Failed to get maximum GPU temperature, defaulting to 110°C
2025/03/13 (20:32:49) | WARNING: ROCm SMI: Failed to get PCIe throughput

2025/03/14 (08:46:39) | ===> btop++ v.1.4.0
2025/03/14 (08:46:39) | WARNING: ROCm SMI: Failed to get maximum GPU temperature, defaulting to 110°C
2025/03/14 (08:46:39) | WARNING: ROCm SMI: Failed to get PCIe throughput

2025/03/14 (09:25:28) | ===> btop++ v.1.4.0
2025/03/14 (09:25:28) | WARNING: ROCm SMI: Failed to get maximum GPU temperature, defaulting to 110°C
2025/03/14 (09:25:28) | WARNING: ROCm SMI: Failed to get PCIe throughput

2025/03/14 (09:36:49) | ===> btop++ v.1.4.0
2025/03/14 (09:36:49) | WARNING: ROCm SMI: Failed to get maximum GPU temperature, defaulting to 110°C
2025/03/14 (09:36:49) | WARNING: ROCm SMI: Failed to get PCIe throughput

2025/03/14 (09:38:53) | ===> btop++ v.1.4.0
2025/03/14 (09:38:53) | WARNING: ROCm SMI: Failed to get maximum GPU temperature, defaulting to 110°C
2025/03/14 (09:38:53) | WARNING: ROCm SMI: Failed to get PCIe throughput

2025/03/14 (09:42:54) | ===> btop++ v.1.4.0
2025/03/14 (09:42:54) | WARNING: ROCm SMI: Failed to get maximum GPU temperature, defaulting to 110°C
2025/03/14 (09:42:54) | WARNING: ROCm SMI: Failed to get PCIe throughput

2025/03/14 (09:44:32) | ===> btop++ v.1.4.0
2025/03/14 (09:44:32) | WARNING: ROCm SMI: Failed to get maximum GPU temperature, defaulting to 110°C
2025/03/14 (09:44:32) | WARNING: ROCm SMI: Failed to get PCIe throughput

2025/03/14 (18:40:02) | ===> btop++ v.1.4.0
2025/03/14 (18:40:02) | WARNING: ROCm SMI: Failed to get maximum GPU temperature, defaulting to 110°C
2025/03/14 (18:40:02) | WARNING: ROCm SMI: Failed to get PCIe throughput

2025/03/14 (20:34:53) | ===> btop++ v.1.4.0
2025/03/14 (20:34:53) | WARNING: ROCm SMI: Failed to get maximum GPU temperature, defaulting to 110°C
2025/03/14 (20:34:53) | WARNING: ROCm SMI: Failed to get PCIe throughput

2025/03/14 (20:35:35) | ===> btop++ v.1.4.0
2025/03/14 (20:35:35) | WARNING: ROCm SMI: Failed to get maximum GPU temperature, defaulting to 110°C
2025/03/14 (20:35:35) | WARNING: ROCm SMI: Failed to get PCIe throughput

2025/03/14 (20:36:05) | ===> btop++ v.1.4.0
2025/03/14 (20:36:05) | WARNING: ROCm SMI: Failed to get maximum GPU temperature, defaulting to 110°C
2025/03/14 (20:36:05) | WARNING: ROCm SMI: Failed to get PCIe throughput

2025/03/14 (20:36:54) | ===> btop++ v.1.4.0
2025/03/14 (20:36:54) | WARNING: ROCm SMI: Failed to get maximum GPU temperature, defaulting to 110°C
2025/03/14 (20:36:54) | WARNING: ROCm SMI: Failed to get PCIe throughput

2025/03/14 (20:37:14) | ===> btop++ v.1.4.0
2025/03/14 (20:37:14) | WARNING: ROCm SMI: Failed to get maximum GPU temperature, defaulting to 110°C
2025/03/14 (20:37:14) | WARNING: ROCm SMI: Failed to get PCIe throughput

2025/03/14 (20:43:30) | ===> btop++ v.1.4.0
2025/03/14 (20:43:30) | WARNING: ROCm SMI: Failed to get maximum GPU temperature, defaulting to 110°C
2025/03/14 (20:43:30) | WARNING: ROCm SMI: Failed to get PCIe throughput

2025/03/14 (20:45:05) | ===> btop++ v.1.4.0
2025/03/14 (20:45:05) | WARNING: ROCm SMI: Failed to get maximum GPU temperature, defaulting to 110°C
2025/03/14 (20:45:05) | WARNING: ROCm SMI: Failed to get PCIe throughput

2025/03/14 (21:00:15) | ===> btop++ v.1.4.0
2025/03/14 (21:00:15) | WARNING: ROCm SMI: Failed to get maximum GPU temperature, defaulting to 110°C
2025/03/14 (21:00:15) | WARNING: ROCm SMI: Failed to get PCIe throughput

2025/03/14 (21:12:06) | ===> btop++ v.1.4.0
2025/03/14 (21:12:06) | WARNING: ROCm SMI: Failed to get maximum GPU temperature, defaulting to 110°C
2025/03/14 (21:12:06) | WARNING: ROCm SMI: Failed to get PCIe throughput

2025/03/14 (21:13:51) | ===> btop++ v.1.4.0
2025/03/14 (21:13:51) | WARNING: ROCm SMI: Failed to get maximum GPU temperature, defaulting to 110°C
2025/03/14 (21:13:51) | WARNING: ROCm SMI: Failed to get PCIe throughput

2025/03/14 (21:15:34) | ===> btop++ v.1.4.0
2025/03/14 (21:15:34) | WARNING: ROCm SMI: Failed to get maximum GPU temperature, defaulting to 110°C
2025/03/14 (21:15:34) | WARNING: ROCm SMI: Failed to get PCIe throughput

2025/03/15 (00:18:44) | ===> btop++ v.1.4.0
2025/03/15 (00:18:44) | WARNING: ROCm SMI: Failed to get maximum GPU temperature, defaulting to 110°C
2025/03/15 (00:18:44) | WARNING: ROCm SMI: Failed to get PCIe throughput

2025/03/15 (09:59:38) | ===> btop++ v.1.4.0
2025/03/15 (09:59:38) | WARNING: ROCm SMI: Failed to get maximum GPU temperature, defaulting to 110°C
2025/03/15 (09:59:38) | WARNING: ROCm SMI: Failed to get PCIe throughput

2025/03/15 (10:29:51) | ===> btop++ v.1.4.0
2025/03/15 (10:29:51) | WARNING: ROCm SMI: Failed to get maximum GPU temperature, defaulting to 110°C
2025/03/15 (10:29:51) | WARNING: ROCm SMI: Failed to get PCIe throughput

2025/03/15 (10:43:05) | ===> btop++ v.1.4.0
2025/03/15 (10:43:05) | WARNING: ROCm SMI: Failed to get maximum GPU temperature, defaulting to 110°C
2025/03/15 (10:43:05) | WARNING: ROCm SMI: Failed to get PCIe throughput

2025/03/15 (13:31:22) | ===> btop++ v.1.4.0
2025/03/15 (13:31:22) | WARNING: ROCm SMI: Failed to get maximum GPU temperature, defaulting to 110°C
2025/03/15 (13:31:22) | WARNING: ROCm SMI: Failed to get PCIe throughput

2025/03/15 (17:38:14) | ===> btop++ v.1.4.0
2025/03/15 (17:38:14) | WARNING: ROCm SMI: Failed to get maximum GPU temperature, defaulting to 110°C
2025/03/15 (17:38:14) | WARNING: ROCm SMI: Failed to get PCIe throughput

2025/03/15 (23:28:51) | ===> btop++ v.1.4.0
2025/03/15 (23:28:51) | WARNING: ROCm SMI: Failed to get maximum GPU temperature, defaulting to 110°C
2025/03/15 (23:28:51) | WARNING: ROCm SMI: Failed to get PCIe throughput

2025/03/15 (23:40:53) | ===> btop++ v.1.4.0
2025/03/15 (23:40:53) | WARNING: ROCm SMI: Failed to get maximum GPU temperature, defaulting to 110°C
2025/03/15 (23:40:53) | WARNING: ROCm SMI: Failed to get PCIe throughput

2025/03/15 (23:43:06) | ===> btop++ v.1.4.0
2025/03/15 (23:43:06) | WARNING: ROCm SMI: Failed to get maximum GPU temperature, defaulting to 110°C
2025/03/15 (23:43:06) | WARNING: ROCm SMI: Failed to get PCIe throughput

2025/03/16 (00:04:14) | ===> btop++ v.1.4.0
2025/03/16 (00:04:14) | WARNING: ROCm SMI: Failed to get maximum GPU temperature, defaulting to 110°C
2025/03/16 (00:04:14) | WARNING: ROCm SMI: Failed to get PCIe throughput

2025/03/16 (00:04:52) | ===> btop++ v.1.4.0
2025/03/16 (00:04:52) | WARNING: ROCm SMI: Failed to get maximum GPU temperature, defaulting to 110°C
2025/03/16 (00:04:52) | WARNING: ROCm SMI: Failed to get PCIe throughput

2025/03/16 (00:09:22) | ===> btop++ v.1.4.0
2025/03/16 (00:09:22) | WARNING: ROCm SMI: Failed to get maximum GPU temperature, defaulting to 110°C
2025/03/16 (00:09:22) | WARNING: ROCm SMI: Failed to get PCIe throughput

2025/03/16 (00:12:23) | ===> btop++ v.1.4.0
2025/03/16 (00:12:23) | WARNING: ROCm SMI: Failed to get maximum GPU temperature, defaulting to 110°C
2025/03/16 (00:12:23) | WARNING: ROCm SMI: Failed to get PCIe throughput

2025/03/16 (00:12:46) | ===> btop++ v.1.4.0
2025/03/16 (00:12:46) | WARNING: ROCm SMI: Failed to get maximum GPU temperature, defaulting to 110°C
2025/03/16 (00:12:46) | WARNING: ROCm SMI: Failed to get PCIe throughput

2025/03/16 (00:35:08) | ===> btop++ v.1.4.0
2025/03/16 (00:35:08) | WARNING: ROCm SMI: Failed to get maximum GPU temperature, defaulting to 110°C
2025/03/16 (00:35:08) | WARNING: ROCm SMI: Failed to get PCIe throughput

2025/03/16 (00:35:54) | ===> btop++ v.1.4.0
2025/03/16 (00:35:54) | WARNING: ROCm SMI: Failed to get maximum GPU temperature, defaulting to 110°C
2025/03/16 (00:35:54) | WARNING: ROCm SMI: Failed to get PCIe throughput

2025/03/16 (00:37:42) | ===> btop++ v.1.4.0
2025/03/16 (00:37:42) | WARNING: ROCm SMI: Failed to get maximum GPU temperature, defaulting to 110°C
2025/03/16 (00:37:42) | WARNING: ROCm SMI: Failed to get PCIe throughput

2025/03/16 (00:52:47) | ===> btop++ v.1.4.0
2025/03/16 (00:52:47) | WARNING: ROCm SMI: Failed to get maximum GPU temperature, defaulting to 110°C
2025/03/16 (00:52:47) | WARNING: ROCm SMI: Failed to get PCIe throughput

2025/03/16 (00:57:32) | ===> btop++ v.1.4.0
2025/03/16 (00:57:32) | WARNING: ROCm SMI: Failed to get maximum GPU temperature, defaulting to 110°C
2025/03/16 (00:57:32) | WARNING: ROCm SMI: Failed to get PCIe throughput

2025/03/16 (00:58:22) | ===> btop++ v.1.4.0
2025/03/16 (00:58:22) | WARNING: ROCm SMI: Failed to get maximum GPU temperature, defaulting to 110°C
2025/03/16 (00:58:22) | WARNING: ROCm SMI: Failed to get PCIe throughput

2025/03/16 (01:00:46) | ===> btop++ v.1.4.0
2025/03/16 (01:00:46) | WARNING: ROCm SMI: Failed to get maximum GPU temperature, defaulting to 110°C
2025/03/16 (01:00:46) | WARNING: ROCm SMI: Failed to get PCIe throughput

2025/03/16 (01:02:46) | ===> btop++ v.1.4.0
2025/03/16 (01:02:46) | WARNING: ROCm SMI: Failed to get maximum GPU temperature, defaulting to 110°C
2025/03/16 (01:02:46) | WARNING: ROCm SMI: Failed to get PCIe throughput

2025/03/16 (01:03:42) | ===> btop++ v.1.4.0
2025/03/16 (01:03:42) | WARNING: ROCm SMI: Failed to get maximum GPU temperature, defaulting to 110°C
2025/03/16 (01:03:42) | WARNING: ROCm SMI: Failed to get PCIe throughput

2025/03/16 (08:35:04) | ===> btop++ v.1.4.0
2025/03/16 (08:35:04) | WARNING: ROCm SMI: Failed to get maximum GPU temperature, defaulting to 110°C
2025/03/16 (08:35:04) | WARNING: ROCm SMI: Failed to get PCIe throughput

2025/03/16 (08:53:34) | ===> btop++ v.1.4.0
2025/03/16 (08:53:34) | WARNING: ROCm SMI: Failed to get maximum GPU temperature, defaulting to 110°C
2025/03/16 (08:53:34) | WARNING: ROCm SMI: Failed to get PCIe throughput

2025/03/16 (17:11:03) | ===> btop++ v.1.4.0
2025/03/16 (17:11:03) | WARNING: ROCm SMI: Failed to get maximum GPU temperature, defaulting to 110°C
2025/03/16 (17:11:03) | WARNING: ROCm SMI: Failed to get PCIe throughput

2025/03/16 (17:57:28) | ===> btop++ v.1.4.0
2025/03/16 (17:57:28) | WARNING: ROCm SMI: Failed to get maximum GPU temperature, defaulting to 110°C
2025/03/16 (17:57:28) | WARNING: ROCm SMI: Failed to get PCIe throughput

2025/03/16 (20:44:53) | ===> btop++ v.1.4.0
2025/03/16 (20:44:53) | WARNING: ROCm SMI: Failed to get maximum GPU temperature, defaulting to 110°C
2025/03/16 (20:44:53) | WARNING: ROCm SMI: Failed to get PCIe throughput

2025/03/16 (20:46:51) | ===> btop++ v.1.4.0
2025/03/16 (20:46:51) | WARNING: ROCm SMI: Failed to get maximum GPU temperature, defaulting to 110°C
2025/03/16 (20:46:51) | WARNING: ROCm SMI: Failed to get PCIe throughput

2025/03/16 (23:23:59) | ===> btop++ v.1.4.0
2025/03/16 (23:23:59) | WARNING: ROCm SMI: Failed to get maximum GPU temperature, defaulting to 110°C
2025/03/16 (23:23:59) | WARNING: ROCm SMI: Failed to get PCIe throughput

2025/03/17 (08:50:19) | ===> btop++ v.1.4.0
2025/03/17 (08:50:19) | WARNING: ROCm SMI: Failed to get maximum GPU temperature, defaulting to 110°C
2025/03/17 (08:50:19) | WARNING: ROCm SMI: Failed to get PCIe throughput

2025/03/17 (19:06:59) | ===> btop++ v.1.4.0
2025/03/17 (19:06:59) | WARNING: ROCm SMI: Failed to get maximum GPU temperature, defaulting to 110°C
2025/03/17 (19:06:59) | WARNING: ROCm SMI: Failed to get PCIe throughput

2025/03/17 (20:44:38) | ===> btop++ v.1.4.0
2025/03/17 (20:44:38) | WARNING: ROCm SMI: Failed to get maximum GPU temperature, defaulting to 110°C
2025/03/17 (20:44:38) | WARNING: ROCm SMI: Failed to get PCIe throughput

2025/03/18 (08:48:50) | ===> btop++ v.1.4.0
2025/03/18 (08:48:50) | WARNING: ROCm SMI: Failed to get maximum GPU temperature, defaulting to 110°C
2025/03/18 (08:48:50) | WARNING: ROCm SMI: Failed to get PCIe throughput

2025/03/18 (09:19:58) | ===> btop++ v.1.4.0
2025/03/18 (09:19:58) | WARNING: ROCm SMI: Failed to get maximum GPU temperature, defaulting to 110°C
2025/03/18 (09:19:58) | WARNING: ROCm SMI: Failed to get PCIe throughput

2025/03/18 (18:40:12) | ===> btop++ v.1.4.0
2025/03/18 (18:40:12) | WARNING: ROCm SMI: Failed to get maximum GPU temperature, defaulting to 110°C
2025/03/18 (18:40:12) | WARNING: ROCm SMI: Failed to get PCIe throughput

2025/03/18 (22:52:45) | ===> btop++ v.1.4.0
2025/03/18 (22:52:45) | WARNING: ROCm SMI: Failed to get maximum GPU temperature, defaulting to 110°C
2025/03/18 (22:52:45) | WARNING: ROCm SMI: Failed to get PCIe throughput

2025/03/18 (22:53:31) | ===> btop++ v.1.4.0
2025/03/18 (22:53:31) | WARNING: ROCm SMI: Failed to get maximum GPU temperature, defaulting to 110°C
2025/03/18 (22:53:31) | WARNING: ROCm SMI: Failed to get PCIe throughput

2025/03/18 (22:55:10) | ===> btop++ v.1.4.0
2025/03/18 (22:55:10) | WARNING: ROCm SMI: Failed to get maximum GPU temperature, defaulting to 110°C
2025/03/18 (22:55:10) | WARNING: ROCm SMI: Failed to get PCIe throughput

2025/03/18 (23:38:06) | ===> btop++ v.1.4.0
2025/03/18 (23:38:06) | WARNING: ROCm SMI: Failed to get maximum GPU temperature, defaulting to 110°C
2025/03/18 (23:38:06) | WARNING: ROCm SMI: Failed to get PCIe throughput

2025/03/18 (23:58:23) | ===> btop++ v.1.4.0
2025/03/18 (23:58:23) | WARNING: ROCm SMI: Failed to get maximum GPU temperature, defaulting to 110°C
2025/03/18 (23:58:23) | WARNING: ROCm SMI: Failed to get PCIe throughput
2025/03/18 (23:59:19) | WARNING: Failed to join _runner thread on exit!

2025/03/19 (00:10:49) | ===> btop++ v.1.4.0
2025/03/19 (00:10:49) | WARNING: ROCm SMI: Failed to get maximum GPU temperature, defaulting to 110°C
2025/03/19 (00:10:49) | WARNING: ROCm SMI: Failed to get PCIe throughput

2025/03/19 (01:00:12) | ===> btop++ v.1.4.0
2025/03/19 (01:00:12) | WARNING: ROCm SMI: Failed to get maximum GPU temperature, defaulting to 110°C
2025/03/19 (01:00:12) | WARNING: ROCm SMI: Failed to get PCIe throughput

2025/03/19 (08:49:45) | ===> btop++ v.1.4.0
2025/03/19 (08:49:45) | WARNING: ROCm SMI: Failed to get maximum GPU temperature, defaulting to 110°C
2025/03/19 (08:49:45) | WARNING: ROCm SMI: Failed to get PCIe throughput

2025/03/19 (09:12:00) | ===> btop++ v.1.4.0
2025/03/19 (09:12:00) | WARNING: ROCm SMI: Failed to get maximum GPU temperature, defaulting to 110°C
2025/03/19 (09:12:00) | WARNING: ROCm SMI: Failed to get PCIe throughput

2025/03/19 (09:33:17) | ===> btop++ v.1.4.0
2025/03/19 (09:33:17) | WARNING: ROCm SMI: Failed to get maximum GPU temperature, defaulting to 110°C
2025/03/19 (09:33:17) | WARNING: ROCm SMI: Failed to get PCIe throughput

2025/03/19 (19:09:04) | ===> btop++ v.1.4.0
2025/03/19 (19:09:04) | WARNING: ROCm SMI: Failed to get maximum GPU temperature, defaulting to 110°C
2025/03/19 (19:09:04) | WARNING: ROCm SMI: Failed to get PCIe throughput

2025/03/19 (19:12:35) | ===> btop++ v.1.4.0
2025/03/19 (19:12:35) | WARNING: ROCm SMI: Failed to get maximum GPU temperature, defaulting to 110°C
2025/03/19 (19:12:35) | WARNING: ROCm SMI: Failed to get PCIe throughput

2025/03/19 (23:25:39) | ===> btop++ v.1.4.0
2025/03/19 (23:25:39) | WARNING: ROCm SMI: Failed to get maximum GPU temperature, defaulting to 110°C
2025/03/19 (23:25:39) | WARNING: ROCm SMI: Failed to get PCIe throughput

2025/03/20 (08:41:24) | ===> btop++ v.1.4.0
2025/03/20 (08:41:24) | WARNING: ROCm SMI: Failed to get maximum GPU temperature, defaulting to 110°C
2025/03/20 (08:41:24) | WARNING: ROCm SMI: Failed to get PCIe throughput

2025/03/20 (18:10:17) | ===> btop++ v.1.4.0
2025/03/20 (18:10:17) | WARNING: ROCm SMI: Failed to get maximum GPU temperature, defaulting to 110°C
2025/03/20 (18:10:17) | WARNING: ROCm SMI: Failed to get PCIe throughput

2025/03/20 (23:00:28) | ===> btop++ v.1.4.0
2025/03/20 (23:00:28) | WARNING: ROCm SMI: Failed to get maximum GPU temperature, defaulting to 110°C
2025/03/20 (23:00:28) | WARNING: ROCm SMI: Failed to get PCIe throughput

2025/03/20 (23:15:59) | ===> btop++ v.1.4.0
2025/03/20 (23:15:59) | WARNING: ROCm SMI: Failed to get maximum GPU temperature, defaulting to 110°C
2025/03/20 (23:15:59) | WARNING: ROCm SMI: Failed to get PCIe throughput

2025/03/20 (23:18:05) | ===> btop++ v.1.4.0
2025/03/20 (23:18:05) | WARNING: ROCm SMI: Failed to get maximum GPU temperature, defaulting to 110°C
2025/03/20 (23:18:05) | WARNING: ROCm SMI: Failed to get PCIe throughput

2025/03/20 (23:33:07) | ===> btop++ v.1.4.0
2025/03/20 (23:33:07) | WARNING: ROCm SMI: Failed to get maximum GPU temperature, defaulting to 110°C
2025/03/20 (23:33:07) | WARNING: ROCm SMI: Failed to get PCIe throughput

2025/03/21 (08:45:04) | ===> btop++ v.1.4.0
2025/03/21 (08:45:04) | WARNING: ROCm SMI: Failed to get maximum GPU temperature, defaulting to 110°C
2025/03/21 (08:45:04) | WARNING: ROCm SMI: Failed to get PCIe throughput

2025/03/21 (18:38:21) | ===> btop++ v.1.4.0
2025/03/21 (18:38:21) | WARNING: ROCm SMI: Failed to get maximum GPU temperature, defaulting to 110°C
2025/03/21 (18:38:21) | WARNING: ROCm SMI: Failed to get PCIe throughput

2025/03/21 (18:38:50) | ===> btop++ v.1.4.0
2025/03/21 (18:38:50) | WARNING: ROCm SMI: Failed to get maximum GPU temperature, defaulting to 110°C
2025/03/21 (18:38:50) | WARNING: ROCm SMI: Failed to get PCIe throughput

2025/03/21 (19:08:19) | ===> btop++ v.1.4.0
2025/03/21 (19:08:19) | WARNING: ROCm SMI: Failed to get maximum GPU temperature, defaulting to 110°C
2025/03/21 (19:08:19) | WARNING: ROCm SMI: Failed to get PCIe throughput

2025/03/21 (19:28:23) | ===> btop++ v.1.4.0
2025/03/21 (19:28:23) | WARNING: ROCm SMI: Failed to get maximum GPU temperature, defaulting to 110°C
2025/03/21 (19:28:23) | WARNING: ROCm SMI: Failed to get PCIe throughput

2025/03/21 (19:30:25) | ===> btop++ v.1.4.0
2025/03/21 (19:30:25) | WARNING: ROCm SMI: Failed to get maximum GPU temperature, defaulting to 110°C
2025/03/21 (19:30:25) | WARNING: ROCm SMI: Failed to get PCIe throughput

2025/03/21 (21:32:11) | ===> btop++ v.1.4.0
2025/03/21 (21:32:11) | WARNING: ROCm SMI: Failed to get maximum GPU temperature, defaulting to 110°C
2025/03/21 (21:32:11) | WARNING: ROCm SMI: Failed to get PCIe throughput

2025/03/22 (07:52:40) | ===> btop++ v.1.4.0
2025/03/22 (07:52:40) | WARNING: ROCm SMI: Failed to get maximum GPU temperature, defaulting to 110°C
2025/03/22 (07:52:40) | WARNING: ROCm SMI: Failed to get PCIe throughput

2025/03/22 (12:09:54) | ===> btop++ v.1.4.0
2025/03/22 (12:09:54) | WARNING: ROCm SMI: Failed to get maximum GPU temperature, defaulting to 110°C
2025/03/22 (12:09:54) | WARNING: ROCm SMI: Failed to get PCIe throughput

2025/03/22 (20:30:27) | ===> btop++ v.1.4.0
2025/03/22 (20:30:27) | WARNING: ROCm SMI: Failed to get maximum GPU temperature, defaulting to 110°C
2025/03/22 (20:30:27) | WARNING: ROCm SMI: Failed to get PCIe throughput

2025/03/22 (20:56:07) | ===> btop++ v.1.4.0
2025/03/22 (20:56:07) | WARNING: ROCm SMI: Failed to get maximum GPU temperature, defaulting to 110°C
2025/03/22 (20:56:07) | WARNING: ROCm SMI: Failed to get PCIe throughput

2025/03/22 (20:59:10) | ===> btop++ v.1.4.0
2025/03/22 (20:59:10) | WARNING: ROCm SMI: Failed to get maximum GPU temperature, defaulting to 110°C
2025/03/22 (20:59:10) | WARNING: ROCm SMI: Failed to get PCIe throughput

2025/03/22 (21:31:20) | ===> btop++ v.1.4.0
2025/03/22 (21:31:20) | WARNING: ROCm SMI: Failed to get maximum GPU temperature, defaulting to 110°C
2025/03/22 (21:31:20) | WARNING: ROCm SMI: Failed to get PCIe throughput
2025/03/22 (21:31:26) | WARNING: Failed to join _runner thread on exit!

2025/03/22 (22:50:26) | ===> btop++ v.1.4.0
2025/03/22 (22:50:26) | WARNING: ROCm SMI: Failed to get maximum GPU temperature, defaulting to 110°C
2025/03/22 (22:50:26) | WARNING: ROCm SMI: Failed to get PCIe throughput

2025/03/23 (08:40:28) | ===> btop++ v.1.4.0
2025/03/23 (08:40:28) | WARNING: ROCm SMI: Failed to get maximum GPU temperature, defaulting to 110°C
2025/03/23 (08:40:28) | WARNING: ROCm SMI: Failed to get PCIe throughput

2025/03/23 (13:39:01) | ===> btop++ v.1.4.0
2025/03/23 (13:39:01) | WARNING: ROCm SMI: Failed to get maximum GPU temperature, defaulting to 110°C
2025/03/23 (13:39:01) | WARNING: ROCm SMI: Failed to get PCIe throughput

2025/03/23 (17:15:24) | ===> btop++ v.1.4.0
2025/03/23 (17:15:24) | WARNING: ROCm SMI: Failed to get maximum GPU temperature, defaulting to 110°C
2025/03/23 (17:15:24) | WARNING: ROCm SMI: Failed to get PCIe throughput

2025/03/23 (17:17:17) | ===> btop++ v.1.4.0
2025/03/23 (17:17:17) | WARNING: ROCm SMI: Failed to get maximum GPU temperature, defaulting to 110°C
2025/03/23 (17:17:17) | WARNING: ROCm SMI: Failed to get PCIe throughput

2025/03/23 (17:18:15) | ===> btop++ v.1.4.0
2025/03/23 (17:18:15) | WARNING: ROCm SMI: Failed to get maximum GPU temperature, defaulting to 110°C
2025/03/23 (17:18:15) | WARNING: ROCm SMI: Failed to get PCIe throughput

2025/03/23 (22:01:59) | ===> btop++ v.1.4.0
2025/03/23 (22:01:59) | WARNING: ROCm SMI: Failed to get maximum GPU temperature, defaulting to 110°C
2025/03/23 (22:01:59) | WARNING: ROCm SMI: Failed to get PCIe throughput

2025/03/23 (23:31:22) | ===> btop++ v.1.4.0
2025/03/23 (23:31:22) | WARNING: ROCm SMI: Failed to get maximum GPU temperature, defaulting to 110°C
2025/03/23 (23:31:22) | WARNING: ROCm SMI: Failed to get PCIe throughput

2025/03/24 (08:50:09) | ===> btop++ v.1.4.0
2025/03/24 (08:50:09) | WARNING: ROCm SMI: Failed to get maximum GPU temperature, defaulting to 110°C
2025/03/24 (08:50:09) | WARNING: ROCm SMI: Failed to get PCIe throughput

2025/03/24 (19:06:45) | ===> btop++ v.1.4.0
2025/03/24 (19:06:45) | WARNING: ROCm SMI: Failed to get maximum GPU temperature, defaulting to 110°C
2025/03/24 (19:06:45) | WARNING: ROCm SMI: Failed to get PCIe throughput

2025/03/24 (20:24:08) | ===> btop++ v.1.4.0
2025/03/24 (20:24:08) | WARNING: ROCm SMI: Failed to get maximum GPU temperature, defaulting to 110°C
2025/03/24 (20:24:08) | WARNING: ROCm SMI: Failed to get PCIe throughput

2025/03/24 (20:38:58) | ===> btop++ v.1.4.0
2025/03/24 (20:38:58) | WARNING: ROCm SMI: Failed to get maximum GPU temperature, defaulting to 110°C
2025/03/24 (20:38:58) | WARNING: ROCm SMI: Failed to get PCIe throughput

2025/03/24 (20:40:10) | ===> btop++ v.1.4.0
2025/03/24 (20:40:10) | WARNING: ROCm SMI: Failed to get maximum GPU temperature, defaulting to 110°C
2025/03/24 (20:40:10) | WARNING: ROCm SMI: Failed to get PCIe throughput

2025/03/24 (20:42:42) | ===> btop++ v.1.4.0
2025/03/24 (20:42:42) | WARNING: ROCm SMI: Failed to get maximum GPU temperature, defaulting to 110°C
2025/03/24 (20:42:42) | WARNING: ROCm SMI: Failed to get PCIe throughput

2025/03/24 (20:49:54) | ===> btop++ v.1.4.0
2025/03/24 (20:49:54) | WARNING: ROCm SMI: Failed to get maximum GPU temperature, defaulting to 110°C
2025/03/24 (20:49:54) | WARNING: ROCm SMI: Failed to get PCIe throughput

2025/03/24 (23:02:33) | ===> btop++ v.1.4.0
2025/03/24 (23:02:33) | WARNING: ROCm SMI: Failed to get maximum GPU temperature, defaulting to 110°C
2025/03/24 (23:02:33) | WARNING: ROCm SMI: Failed to get PCIe throughput

2025/03/24 (23:04:18) | ===> btop++ v.1.4.0
2025/03/24 (23:04:18) | WARNING: ROCm SMI: Failed to get maximum GPU temperature, defaulting to 110°C
2025/03/24 (23:04:18) | WARNING: ROCm SMI: Failed to get PCIe throughput

2025/03/24 (23:53:04) | ===> btop++ v.1.4.0
2025/03/24 (23:53:04) | WARNING: ROCm SMI: Failed to get maximum GPU temperature, defaulting to 110°C
2025/03/24 (23:53:04) | WARNING: ROCm SMI: Failed to get PCIe throughput

2025/03/24 (23:57:07) | ===> btop++ v.1.4.0
2025/03/24 (23:57:07) | WARNING: ROCm SMI: Failed to get maximum GPU temperature, defaulting to 110°C
2025/03/24 (23:57:07) | WARNING: ROCm SMI: Failed to get PCIe throughput

2025/03/24 (23:58:09) | ===> btop++ v.1.4.0
2025/03/24 (23:58:09) | WARNING: ROCm SMI: Failed to get maximum GPU temperature, defaulting to 110°C
2025/03/24 (23:58:09) | WARNING: ROCm SMI: Failed to get PCIe throughput

2025/03/25 (00:05:50) | ===> btop++ v.1.4.0
2025/03/25 (00:05:50) | WARNING: ROCm SMI: Failed to get maximum GPU temperature, defaulting to 110°C
2025/03/25 (00:05:50) | WARNING: ROCm SMI: Failed to get PCIe throughput

2025/03/25 (00:06:58) | ===> btop++ v.1.4.0
2025/03/25 (00:06:58) | WARNING: ROCm SMI: Failed to get maximum GPU temperature, defaulting to 110°C
2025/03/25 (00:06:58) | WARNING: ROCm SMI: Failed to get PCIe throughput

2025/03/25 (00:07:28) | ===> btop++ v.1.4.0
2025/03/25 (00:07:28) | WARNING: ROCm SMI: Failed to get maximum GPU temperature, defaulting to 110°C
2025/03/25 (00:07:28) | WARNING: ROCm SMI: Failed to get PCIe throughput
2025/03/25 (00:08:27) | WARNING: Failed to join _runner thread on exit!

2025/03/25 (00:08:31) | ===> btop++ v.1.4.0
2025/03/25 (00:08:31) | WARNING: ROCm SMI: Failed to get maximum GPU temperature, defaulting to 110°C
2025/03/25 (00:08:31) | WARNING: ROCm SMI: Failed to get PCIe throughput

2025/03/25 (00:10:21) | ===> btop++ v.1.4.0
2025/03/25 (00:10:21) | WARNING: ROCm SMI: Failed to get maximum GPU temperature, defaulting to 110°C
2025/03/25 (00:10:21) | WARNING: ROCm SMI: Failed to get PCIe throughput

2025/03/25 (00:11:03) | ===> btop++ v.1.4.0
2025/03/25 (00:11:03) | WARNING: ROCm SMI: Failed to get maximum GPU temperature, defaulting to 110°C
2025/03/25 (00:11:03) | WARNING: ROCm SMI: Failed to get PCIe throughput

2025/03/25 (00:11:34) | ===> btop++ v.1.4.0
2025/03/25 (00:11:34) | WARNING: ROCm SMI: Failed to get maximum GPU temperature, defaulting to 110°C
2025/03/25 (00:11:34) | WARNING: ROCm SMI: Failed to get PCIe throughput

2025/03/25 (00:12:19) | ===> btop++ v.1.4.0
2025/03/25 (00:12:19) | WARNING: ROCm SMI: Failed to get maximum GPU temperature, defaulting to 110°C
2025/03/25 (00:12:19) | WARNING: ROCm SMI: Failed to get PCIe throughput

2025/03/25 (00:13:26) | ===> btop++ v.1.4.0
2025/03/25 (00:13:26) | WARNING: ROCm SMI: Failed to get maximum GPU temperature, defaulting to 110°C
2025/03/25 (00:13:26) | WARNING: ROCm SMI: Failed to get PCIe throughput

2025/03/25 (00:13:51) | ===> btop++ v.1.4.0
2025/03/25 (00:13:51) | WARNING: ROCm SMI: Failed to get maximum GPU temperature, defaulting to 110°C
2025/03/25 (00:13:51) | WARNING: ROCm SMI: Failed to get PCIe throughput

2025/03/25 (00:14:13) | ===> btop++ v.1.4.0
2025/03/25 (00:14:13) | WARNING: ROCm SMI: Failed to get maximum GPU temperature, defaulting to 110°C
2025/03/25 (00:14:13) | WARNING: ROCm SMI: Failed to get PCIe throughput

2025/03/25 (00:14:35) | ===> btop++ v.1.4.0
2025/03/25 (00:14:35) | WARNING: ROCm SMI: Failed to get maximum GPU temperature, defaulting to 110°C
2025/03/25 (00:14:35) | WARNING: ROCm SMI: Failed to get PCIe throughput

2025/03/25 (00:14:58) | ===> btop++ v.1.4.0
2025/03/25 (00:14:58) | WARNING: ROCm SMI: Failed to get maximum GPU temperature, defaulting to 110°C
2025/03/25 (00:14:58) | WARNING: ROCm SMI: Failed to get PCIe throughput

2025/03/25 (00:16:07) | ===> btop++ v.1.4.0
2025/03/25 (00:16:07) | WARNING: ROCm SMI: Failed to get maximum GPU temperature, defaulting to 110°C
2025/03/25 (00:16:07) | WARNING: ROCm SMI: Failed to get PCIe throughput

2025/03/25 (00:16:21) | ===> btop++ v.1.4.0
2025/03/25 (00:16:21) | WARNING: ROCm SMI: Failed to get maximum GPU temperature, defaulting to 110°C
2025/03/25 (00:16:21) | WARNING: ROCm SMI: Failed to get PCIe throughput

2025/03/25 (00:18:27) | ===> btop++ v.1.4.0
2025/03/25 (00:18:27) | WARNING: ROCm SMI: Failed to get maximum GPU temperature, defaulting to 110°C
2025/03/25 (00:18:27) | WARNING: ROCm SMI: Failed to get PCIe throughput

2025/03/25 (08:51:04) | ===> btop++ v.1.4.0
2025/03/25 (08:51:04) | WARNING: ROCm SMI: Failed to get maximum GPU temperature, defaulting to 110°C
2025/03/25 (08:51:04) | WARNING: ROCm SMI: Failed to get PCIe throughput

2025/03/25 (18:09:38) | ===> btop++ v.1.4.0
2025/03/25 (18:09:38) | WARNING: ROCm SMI: Failed to get maximum GPU temperature, defaulting to 110°C
2025/03/25 (18:09:38) | WARNING: ROCm SMI: Failed to get PCIe throughput

2025/03/26 (09:00:31) | ===> btop++ v.1.4.0
2025/03/26 (09:00:31) | WARNING: ROCm SMI: Failed to get maximum GPU temperature, defaulting to 110°C
2025/03/26 (09:00:31) | WARNING: ROCm SMI: Failed to get PCIe throughput

2025/03/26 (09:35:28) | ===> btop++ v.1.4.0
2025/03/26 (09:35:28) | WARNING: ROCm SMI: Failed to get maximum GPU temperature, defaulting to 110°C
2025/03/26 (09:35:28) | WARNING: ROCm SMI: Failed to get PCIe throughput

2025/03/26 (09:37:42) | ===> btop++ v.1.4.0
2025/03/26 (09:37:42) | WARNING: ROCm SMI: Failed to get maximum GPU temperature, defaulting to 110°C
2025/03/26 (09:37:42) | WARNING: ROCm SMI: Failed to get PCIe throughput

2025/03/26 (09:41:32) | ===> btop++ v.1.4.0
2025/03/26 (09:41:32) | WARNING: ROCm SMI: Failed to get maximum GPU temperature, defaulting to 110°C
2025/03/26 (09:41:32) | WARNING: ROCm SMI: Failed to get PCIe throughput

2025/03/26 (19:19:46) | ===> btop++ v.1.4.0
2025/03/26 (19:19:46) | WARNING: ROCm SMI: Failed to get maximum GPU temperature, defaulting to 110°C
2025/03/26 (19:19:46) | WARNING: ROCm SMI: Failed to get PCIe throughput

2025/03/27 (09:10:06) | ===> btop++ v.1.4.0
2025/03/27 (09:10:06) | WARNING: ROCm SMI: Failed to get maximum GPU temperature, defaulting to 110°C
2025/03/27 (09:10:06) | WARNING: ROCm SMI: Failed to get PCIe throughput

2025/03/27 (19:12:07) | ===> btop++ v.1.4.0
2025/03/27 (19:12:07) | WARNING: ROCm SMI: Failed to get maximum GPU temperature, defaulting to 110°C
2025/03/27 (19:12:07) | WARNING: ROCm SMI: Failed to get PCIe throughput

2025/03/28 (00:26:32) | ===> btop++ v.1.4.0
2025/03/28 (00:26:32) | WARNING: ROCm SMI: Failed to get maximum GPU temperature, defaulting to 110°C
2025/03/28 (00:26:32) | WARNING: ROCm SMI: Failed to get PCIe throughput

2025/03/28 (00:32:40) | ===> btop++ v.1.4.0
2025/03/28 (00:32:40) | WARNING: ROCm SMI: Failed to get maximum GPU temperature, defaulting to 110°C
2025/03/28 (00:32:40) | WARNING: ROCm SMI: Failed to get PCIe throughput
2025/03/28 (00:48:21) | WARNING: Failed to get disk/partition stats for mount "/mnt/HDD_2TB" with statvfs error code: 107. Ignoring...

2025/03/28 (09:01:37) | ===> btop++ v.1.4.0
2025/03/28 (09:01:37) | WARNING: ROCm SMI: Failed to get maximum GPU temperature, defaulting to 110°C
2025/03/28 (09:01:37) | WARNING: ROCm SMI: Failed to get PCIe throughput

2025/03/28 (19:06:34) | ===> btop++ v.1.4.0
2025/03/28 (19:06:34) | WARNING: ROCm SMI: Failed to get maximum GPU temperature, defaulting to 110°C
2025/03/28 (19:06:34) | WARNING: ROCm SMI: Failed to get PCIe throughput

2025/03/28 (20:04:18) | ===> btop++ v.1.4.0
2025/03/28 (20:04:18) | WARNING: ROCm SMI: Failed to get maximum GPU temperature, defaulting to 110°C
2025/03/28 (20:04:18) | WARNING: ROCm SMI: Failed to get PCIe throughput

2025/03/28 (20:21:23) | ===> btop++ v.1.4.0
2025/03/28 (20:21:23) | WARNING: ROCm SMI: Failed to get maximum GPU temperature, defaulting to 110°C
2025/03/28 (20:21:23) | WARNING: ROCm SMI: Failed to get PCIe throughput

2025/03/29 (10:15:37) | ===> btop++ v.1.4.0
2025/03/29 (10:15:37) | WARNING: ROCm SMI: Failed to get maximum GPU temperature, defaulting to 110°C
2025/03/29 (10:15:37) | WARNING: ROCm SMI: Failed to get PCIe throughput

2025/03/29 (12:24:34) | ===> btop++ v.1.4.0
2025/03/29 (12:24:34) | WARNING: ROCm SMI: Failed to get maximum GPU temperature, defaulting to 110°C
2025/03/29 (12:24:34) | WARNING: ROCm SMI: Failed to get PCIe throughput

2025/03/29 (12:26:22) | ===> btop++ v.1.4.0
2025/03/29 (12:26:22) | WARNING: ROCm SMI: Failed to get maximum GPU temperature, defaulting to 110°C
2025/03/29 (12:26:22) | WARNING: ROCm SMI: Failed to get PCIe throughput

2025/03/29 (12:32:44) | ===> btop++ v.1.4.0
2025/03/29 (12:32:44) | WARNING: ROCm SMI: Failed to get maximum GPU temperature, defaulting to 110°C
2025/03/29 (12:32:44) | WARNING: ROCm SMI: Failed to get PCIe throughput

2025/03/29 (12:36:27) | ===> btop++ v.1.4.0
2025/03/29 (12:36:27) | WARNING: ROCm SMI: Failed to get maximum GPU temperature, defaulting to 110°C
2025/03/29 (12:36:27) | WARNING: ROCm SMI: Failed to get PCIe throughput

2025/03/29 (12:45:40) | ===> btop++ v.1.4.0
2025/03/29 (12:45:40) | WARNING: ROCm SMI: Failed to get maximum GPU temperature, defaulting to 110°C
2025/03/29 (12:45:40) | WARNING: ROCm SMI: Failed to get PCIe throughput

2025/03/29 (12:46:09) | ===> btop++ v.1.4.0
2025/03/29 (12:46:09) | WARNING: ROCm SMI: Failed to get maximum GPU temperature, defaulting to 110°C
2025/03/29 (12:46:09) | WARNING: ROCm SMI: Failed to get PCIe throughput

2025/03/29 (12:46:33) | ===> btop++ v.1.4.0
2025/03/29 (12:46:33) | WARNING: ROCm SMI: Failed to get maximum GPU temperature, defaulting to 110°C
2025/03/29 (12:46:33) | WARNING: ROCm SMI: Failed to get PCIe throughput

2025/03/29 (12:48:35) | ===> btop++ v.1.4.0
2025/03/29 (12:48:35) | WARNING: ROCm SMI: Failed to get maximum GPU temperature, defaulting to 110°C
2025/03/29 (12:48:35) | WARNING: ROCm SMI: Failed to get PCIe throughput

2025/03/29 (12:55:34) | ===> btop++ v.1.4.0
2025/03/29 (12:55:34) | WARNING: ROCm SMI: Failed to get maximum GPU temperature, defaulting to 110°C
2025/03/29 (12:55:34) | WARNING: ROCm SMI: Failed to get PCIe throughput

2025/03/29 (12:56:48) | ===> btop++ v.1.4.0
2025/03/29 (12:56:48) | WARNING: ROCm SMI: Failed to get maximum GPU temperature, defaulting to 110°C
2025/03/29 (12:56:48) | WARNING: ROCm SMI: Failed to get PCIe throughput

2025/03/29 (20:33:20) | ===> btop++ v.1.4.0
2025/03/29 (20:33:20) | WARNING: ROCm SMI: Failed to get maximum GPU temperature, defaulting to 110°C
2025/03/29 (20:33:20) | WARNING: ROCm SMI: Failed to get PCIe throughput

2025/03/29 (20:43:44) | ===> btop++ v.1.4.0
2025/03/29 (20:43:44) | WARNING: ROCm SMI: Failed to get maximum GPU temperature, defaulting to 110°C
2025/03/29 (20:43:44) | WARNING: ROCm SMI: Failed to get PCIe throughput

2025/03/29 (22:24:49) | ===> btop++ v.1.4.0
2025/03/29 (22:24:49) | WARNING: ROCm SMI: Failed to get maximum GPU temperature, defaulting to 110°C
2025/03/29 (22:24:49) | WARNING: ROCm SMI: Failed to get PCIe throughput

2025/03/29 (22:39:31) | ===> btop++ v.1.4.0
2025/03/29 (22:39:31) | WARNING: ROCm SMI: Failed to get maximum GPU temperature, defaulting to 110°C
2025/03/29 (22:39:31) | WARNING: ROCm SMI: Failed to get PCIe throughput

2025/03/29 (22:41:38) | ===> btop++ v.1.4.0
2025/03/29 (22:41:38) | WARNING: ROCm SMI: Failed to get maximum GPU temperature, defaulting to 110°C
2025/03/29 (22:41:38) | WARNING: ROCm SMI: Failed to get PCIe throughput

2025/03/29 (22:42:13) | ===> btop++ v.1.4.0
2025/03/29 (22:42:13) | WARNING: ROCm SMI: Failed to get maximum GPU temperature, defaulting to 110°C
2025/03/29 (22:42:13) | WARNING: ROCm SMI: Failed to get PCIe throughput

2025/03/29 (22:43:26) | ===> btop++ v.1.4.0
2025/03/29 (22:43:26) | WARNING: ROCm SMI: Failed to get maximum GPU temperature, defaulting to 110°C
2025/03/29 (22:43:26) | WARNING: ROCm SMI: Failed to get PCIe throughput

2025/03/29 (22:44:21) | ===> btop++ v.1.4.0
2025/03/29 (22:44:21) | WARNING: ROCm SMI: Failed to get maximum GPU temperature, defaulting to 110°C
2025/03/29 (22:44:21) | WARNING: ROCm SMI: Failed to get PCIe throughput

2025/03/29 (22:48:20) | ===> btop++ v.1.4.0
2025/03/29 (22:48:20) | WARNING: ROCm SMI: Failed to get maximum GPU temperature, defaulting to 110°C
2025/03/29 (22:48:20) | WARNING: ROCm SMI: Failed to get PCIe throughput

2025/03/29 (22:50:50) | ===> btop++ v.1.4.0
2025/03/29 (22:50:50) | WARNING: ROCm SMI: Failed to get maximum GPU temperature, defaulting to 110°C
2025/03/29 (22:50:50) | WARNING: ROCm SMI: Failed to get PCIe throughput

2025/03/29 (22:53:24) | ===> btop++ v.1.4.0
2025/03/29 (22:53:24) | WARNING: ROCm SMI: Failed to get maximum GPU temperature, defaulting to 110°C
2025/03/29 (22:53:24) | WARNING: ROCm SMI: Failed to get PCIe throughput

2025/03/29 (23:01:37) | ===> btop++ v.1.4.0
2025/03/29 (23:01:37) | WARNING: ROCm SMI: Failed to get maximum GPU temperature, defaulting to 110°C
2025/03/29 (23:01:37) | WARNING: ROCm SMI: Failed to get PCIe throughput

2025/03/30 (06:52:28) | ===> btop++ v.1.4.0
2025/03/30 (06:52:28) | WARNING: ROCm SMI: Failed to get maximum GPU temperature, defaulting to 110°C
2025/03/30 (06:52:28) | WARNING: ROCm SMI: Failed to get PCIe throughput

2025/03/30 (08:02:11) | ===> btop++ v.1.4.0
2025/03/30 (08:02:11) | WARNING: ROCm SMI: Failed to get maximum GPU temperature, defaulting to 110°C
2025/03/30 (08:02:11) | WARNING: ROCm SMI: Failed to get PCIe throughput

2025/03/30 (08:05:40) | ===> btop++ v.1.4.0
2025/03/30 (08:05:40) | WARNING: ROCm SMI: Failed to get maximum GPU temperature, defaulting to 110°C
2025/03/30 (08:05:40) | WARNING: ROCm SMI: Failed to get PCIe throughput

2025/03/30 (08:07:05) | ===> btop++ v.1.4.0
2025/03/30 (08:07:05) | WARNING: ROCm SMI: Failed to get maximum GPU temperature, defaulting to 110°C
2025/03/30 (08:07:05) | WARNING: ROCm SMI: Failed to get PCIe throughput

2025/03/30 (08:19:21) | ===> btop++ v.1.4.0
2025/03/30 (08:19:21) | WARNING: ROCm SMI: Failed to get maximum GPU temperature, defaulting to 110°C
2025/03/30 (08:19:21) | WARNING: ROCm SMI: Failed to get PCIe throughput

2025/03/30 (08:20:35) | ===> btop++ v.1.4.0
2025/03/30 (08:20:35) | WARNING: ROCm SMI: Failed to get maximum GPU temperature, defaulting to 110°C
2025/03/30 (08:20:35) | WARNING: ROCm SMI: Failed to get PCIe throughput

2025/03/30 (08:21:46) | ===> btop++ v.1.4.0
2025/03/30 (08:21:46) | WARNING: ROCm SMI: Failed to get maximum GPU temperature, defaulting to 110°C
2025/03/30 (08:21:46) | WARNING: ROCm SMI: Failed to get PCIe throughput

2025/03/30 (14:18:17) | ===> btop++ v.1.4.0
2025/03/30 (14:18:17) | WARNING: ROCm SMI: Failed to get maximum GPU temperature, defaulting to 110°C
2025/03/30 (14:18:17) | WARNING: ROCm SMI: Failed to get PCIe throughput

2025/03/30 (14:23:05) | ===> btop++ v.1.4.0
2025/03/30 (14:23:05) | WARNING: ROCm SMI: Failed to get maximum GPU temperature, defaulting to 110°C
2025/03/30 (14:23:05) | WARNING: ROCm SMI: Failed to get PCIe throughput

2025/03/30 (14:39:30) | ===> btop++ v.1.4.0
2025/03/30 (14:39:30) | WARNING: ROCm SMI: Failed to get maximum GPU temperature, defaulting to 110°C
2025/03/30 (14:39:30) | WARNING: ROCm SMI: Failed to get PCIe throughput

2025/03/30 (21:53:59) | ===> btop++ v.1.4.0
2025/03/30 (21:53:59) | WARNING: ROCm SMI: Failed to get maximum GPU temperature, defaulting to 110°C
2025/03/30 (21:53:59) | WARNING: ROCm SMI: Failed to get PCIe throughput

2025/03/30 (21:57:43) | ===> btop++ v.1.4.0
2025/03/30 (21:57:43) | WARNING: ROCm SMI: Failed to get maximum GPU temperature, defaulting to 110°C
2025/03/30 (21:57:43) | WARNING: ROCm SMI: Failed to get PCIe throughput

2025/03/31 (19:11:33) | ===> btop++ v.1.4.0
2025/03/31 (19:11:33) | WARNING: ROCm SMI: Failed to get maximum GPU temperature, defaulting to 110°C
2025/03/31 (19:11:33) | WARNING: ROCm SMI: Failed to get PCIe throughput

2025/04/01 (08:52:16) | ===> btop++ v.1.4.0
2025/04/01 (08:52:16) | WARNING: ROCm SMI: Failed to get maximum GPU temperature, defaulting to 110°C
2025/04/01 (08:52:16) | WARNING: ROCm SMI: Failed to get PCIe throughput

2025/04/01 (19:11:07) | ===> btop++ v.1.4.0
2025/04/01 (19:11:07) | WARNING: ROCm SMI: Failed to get maximum GPU temperature, defaulting to 110°C
2025/04/01 (19:11:07) | WARNING: ROCm SMI: Failed to get PCIe throughput

2025/04/01 (19:26:32) | ===> btop++ v.1.4.0
2025/04/01 (19:26:32) | WARNING: ROCm SMI: Failed to get maximum GPU temperature, defaulting to 110°C
2025/04/01 (19:26:32) | WARNING: ROCm SMI: Failed to get PCIe throughput

2025/04/01 (23:15:21) | ===> btop++ v.1.4.0
2025/04/01 (23:15:21) | WARNING: ROCm SMI: Failed to get maximum GPU temperature, defaulting to 110°C
2025/04/01 (23:15:21) | WARNING: ROCm SMI: Failed to get PCIe throughput

2025/04/01 (23:20:35) | ===> btop++ v.1.4.0
2025/04/01 (23:20:35) | WARNING: ROCm SMI: Failed to get maximum GPU temperature, defaulting to 110°C
2025/04/01 (23:20:35) | WARNING: ROCm SMI: Failed to get PCIe throughput

2025/04/02 (08:48:38) | ===> btop++ v.1.4.0
2025/04/02 (08:48:38) | WARNING: ROCm SMI: Failed to get maximum GPU temperature, defaulting to 110°C
2025/04/02 (08:48:38) | WARNING: ROCm SMI: Failed to get PCIe throughput

2025/04/02 (19:14:51) | ===> btop++ v.1.4.0
2025/04/02 (19:14:51) | WARNING: ROCm SMI: Failed to get maximum GPU temperature, defaulting to 110°C
2025/04/02 (19:14:51) | WARNING: ROCm SMI: Failed to get PCIe throughput

2025/04/02 (23:31:19) | ===> btop++ v.1.4.0
2025/04/02 (23:31:19) | WARNING: ROCm SMI: Failed to get maximum GPU temperature, defaulting to 110°C
2025/04/02 (23:31:19) | WARNING: ROCm SMI: Failed to get PCIe throughput

2025/04/03 (08:53:50) | ===> btop++ v.1.4.0
2025/04/03 (08:53:50) | WARNING: ROCm SMI: Failed to get maximum GPU temperature, defaulting to 110°C
2025/04/03 (08:53:50) | WARNING: ROCm SMI: Failed to get PCIe throughput

2025/04/03 (18:50:20) | ===> btop++ v.1.4.0
2025/04/03 (18:50:20) | WARNING: ROCm SMI: Failed to get maximum GPU temperature, defaulting to 110°C
2025/04/03 (18:50:20) | WARNING: ROCm SMI: Failed to get PCIe throughput

2025/04/03 (23:38:39) | ===> btop++ v.1.4.0
2025/04/03 (23:38:39) | WARNING: ROCm SMI: Failed to get maximum GPU temperature, defaulting to 110°C
2025/04/03 (23:38:39) | WARNING: ROCm SMI: Failed to get PCIe throughput

2025/04/04 (06:18:02) | ===> btop++ v.1.4.0
2025/04/04 (06:18:02) | WARNING: ROCm SMI: Failed to get maximum GPU temperature, defaulting to 110°C
2025/04/04 (06:18:02) | WARNING: ROCm SMI: Failed to get PCIe throughput

2025/04/04 (06:34:18) | ===> btop++ v.1.4.0
2025/04/04 (06:34:18) | WARNING: ROCm SMI: Failed to get maximum GPU temperature, defaulting to 110°C
2025/04/04 (06:34:18) | WARNING: ROCm SMI: Failed to get PCIe throughput

2025/04/04 (06:45:53) | ===> btop++ v.1.4.0
2025/04/04 (06:45:53) | WARNING: ROCm SMI: Failed to get maximum GPU temperature, defaulting to 110°C
2025/04/04 (06:45:53) | WARNING: ROCm SMI: Failed to get PCIe throughput

2025/04/04 (06:47:17) | ===> btop++ v.1.4.0
2025/04/04 (06:47:17) | WARNING: ROCm SMI: Failed to get maximum GPU temperature, defaulting to 110°C
2025/04/04 (06:47:17) | WARNING: ROCm SMI: Failed to get PCIe throughput

2025/04/04 (06:49:02) | ===> btop++ v.1.4.0
2025/04/04 (06:49:02) | WARNING: ROCm SMI: Failed to get maximum GPU temperature, defaulting to 110°C
2025/04/04 (06:49:02) | WARNING: ROCm SMI: Failed to get PCIe throughput

2025/04/04 (06:51:20) | ===> btop++ v.1.4.0
2025/04/04 (06:51:20) | WARNING: ROCm SMI: Failed to get maximum GPU temperature, defaulting to 110°C
2025/04/04 (06:51:20) | WARNING: ROCm SMI: Failed to get PCIe throughput

2025/04/04 (07:00:18) | ===> btop++ v.1.4.0
2025/04/04 (07:00:18) | WARNING: ROCm SMI: Failed to get maximum GPU temperature, defaulting to 110°C
2025/04/04 (07:00:18) | WARNING: ROCm SMI: Failed to get PCIe throughput

2025/04/04 (07:07:05) | ===> btop++ v.1.4.0
2025/04/04 (07:07:05) | WARNING: ROCm SMI: Failed to get maximum GPU temperature, defaulting to 110°C
2025/04/04 (07:07:05) | WARNING: ROCm SMI: Failed to get PCIe throughput

2025/04/04 (07:08:30) | ===> btop++ v.1.4.0
2025/04/04 (07:08:30) | WARNING: ROCm SMI: Failed to get maximum GPU temperature, defaulting to 110°C
2025/04/04 (07:08:30) | WARNING: ROCm SMI: Failed to get PCIe throughput

2025/04/04 (07:13:22) | ===> btop++ v.1.4.0
2025/04/04 (07:13:22) | WARNING: ROCm SMI: Failed to get maximum GPU temperature, defaulting to 110°C
2025/04/04 (07:13:22) | WARNING: ROCm SMI: Failed to get PCIe throughput

2025/04/04 (20:06:07) | ===> btop++ v.1.4.0
2025/04/04 (20:06:07) | WARNING: ROCm SMI: Failed to get maximum GPU temperature, defaulting to 110°C
2025/04/04 (20:06:07) | WARNING: ROCm SMI: Failed to get PCIe throughput

2025/04/05 (00:10:17) | ===> btop++ v.1.4.0
2025/04/05 (00:10:17) | WARNING: ROCm SMI: Failed to get maximum GPU temperature, defaulting to 110°C
2025/04/05 (00:10:17) | WARNING: ROCm SMI: Failed to get PCIe throughput

2025/04/05 (09:41:45) | ===> btop++ v.1.4.0
2025/04/05 (09:41:45) | WARNING: ROCm SMI: Failed to get maximum GPU temperature, defaulting to 110°C
2025/04/05 (09:41:45) | WARNING: ROCm SMI: Failed to get PCIe throughput

2025/04/06 (00:37:44) | ===> btop++ v.1.4.0
2025/04/06 (00:37:44) | WARNING: ROCm SMI: Failed to get maximum GPU temperature, defaulting to 110°C
2025/04/06 (00:37:44) | WARNING: ROCm SMI: Failed to get PCIe throughput

2025/04/06 (00:41:25) | ===> btop++ v.1.4.0
2025/04/06 (00:41:25) | WARNING: ROCm SMI: Failed to get maximum GPU temperature, defaulting to 110°C
2025/04/06 (00:41:25) | WARNING: ROCm SMI: Failed to get PCIe throughput

2025/04/06 (00:42:11) | ===> btop++ v.1.4.0
2025/04/06 (00:42:11) | WARNING: ROCm SMI: Failed to get maximum GPU temperature, defaulting to 110°C
2025/04/06 (00:42:11) | WARNING: ROCm SMI: Failed to get PCIe throughput

2025/04/06 (00:46:05) | ===> btop++ v.1.4.0
2025/04/06 (00:46:05) | WARNING: ROCm SMI: Failed to get maximum GPU temperature, defaulting to 110°C
2025/04/06 (00:46:05) | WARNING: ROCm SMI: Failed to get PCIe throughput

2025/04/06 (00:46:48) | ===> btop++ v.1.4.0
2025/04/06 (00:46:48) | WARNING: ROCm SMI: Failed to get maximum GPU temperature, defaulting to 110°C
2025/04/06 (00:46:48) | WARNING: ROCm SMI: Failed to get PCIe throughput

2025/04/06 (06:28:18) | ===> btop++ v.1.4.0
2025/04/06 (06:28:18) | WARNING: ROCm SMI: Failed to get maximum GPU temperature, defaulting to 110°C
2025/04/06 (06:28:18) | WARNING: ROCm SMI: Failed to get PCIe throughput

2025/04/06 (20:17:38) | ===> btop++ v.1.4.0
2025/04/06 (20:17:38) | WARNING: ROCm SMI: Failed to get maximum GPU temperature, defaulting to 110°C
2025/04/06 (20:17:38) | WARNING: ROCm SMI: Failed to get PCIe throughput

2025/04/06 (20:19:06) | ===> btop++ v.1.4.0
2025/04/06 (20:19:06) | WARNING: ROCm SMI: Failed to get maximum GPU temperature, defaulting to 110°C
2025/04/06 (20:19:06) | WARNING: ROCm SMI: Failed to get PCIe throughput

2025/04/06 (20:38:46) | ===> btop++ v.1.4.0
2025/04/06 (20:38:46) | WARNING: ROCm SMI: Failed to get maximum GPU temperature, defaulting to 110°C
2025/04/06 (20:38:46) | WARNING: ROCm SMI: Failed to get PCIe throughput

2025/04/07 (00:19:33) | ===> btop++ v.1.4.0
2025/04/07 (00:19:33) | WARNING: ROCm SMI: Failed to get maximum GPU temperature, defaulting to 110°C
2025/04/07 (00:19:33) | WARNING: ROCm SMI: Failed to get PCIe throughput

2025/04/07 (08:47:15) | ===> btop++ v.1.4.0
2025/04/07 (08:47:15) | WARNING: ROCm SMI: Failed to get maximum GPU temperature, defaulting to 110°C
2025/04/07 (08:47:15) | WARNING: ROCm SMI: Failed to get PCIe throughput

2025/04/07 (18:38:18) | ===> btop++ v.1.4.0
2025/04/07 (18:38:18) | WARNING: ROCm SMI: Failed to get maximum GPU temperature, defaulting to 110°C
2025/04/07 (18:38:18) | WARNING: ROCm SMI: Failed to get PCIe throughput

2025/04/08 (08:52:09) | ===> btop++ v.1.4.0
2025/04/08 (08:52:09) | WARNING: ROCm SMI: Failed to get maximum GPU temperature, defaulting to 110°C
2025/04/08 (08:52:09) | WARNING: ROCm SMI: Failed to get PCIe throughput

2025/04/08 (18:42:33) | ===> btop++ v.1.4.0
2025/04/08 (18:42:33) | WARNING: ROCm SMI: Failed to get maximum GPU temperature, defaulting to 110°C
2025/04/08 (18:42:33) | WARNING: ROCm SMI: Failed to get PCIe throughput

2025/04/09 (08:46:10) | ===> btop++ v.1.4.0
2025/04/09 (08:46:10) | WARNING: ROCm SMI: Failed to get maximum GPU temperature, defaulting to 110°C
2025/04/09 (08:46:10) | WARNING: ROCm SMI: Failed to get PCIe throughput

2025/04/09 (19:09:08) | ===> btop++ v.1.4.0
2025/04/09 (19:09:08) | WARNING: ROCm SMI: Failed to get maximum GPU temperature, defaulting to 110°C
2025/04/09 (19:09:08) | WARNING: ROCm SMI: Failed to get PCIe throughput

2025/04/09 (23:03:02) | ===> btop++ v.1.4.0
2025/04/09 (23:03:02) | WARNING: ROCm SMI: Failed to get maximum GPU temperature, defaulting to 110°C
2025/04/09 (23:03:02) | WARNING: ROCm SMI: Failed to get PCIe throughput

2025/04/10 (08:44:54) | ===> btop++ v.1.4.0
2025/04/10 (08:44:54) | WARNING: ROCm SMI: Failed to get maximum GPU temperature, defaulting to 110°C
2025/04/10 (08:44:54) | WARNING: ROCm SMI: Failed to get PCIe throughput

2025/04/10 (19:07:49) | ===> btop++ v.1.4.0
2025/04/10 (19:07:49) | WARNING: ROCm SMI: Failed to get maximum GPU temperature, defaulting to 110°C
2025/04/10 (19:07:49) | WARNING: ROCm SMI: Failed to get PCIe throughput

2025/04/10 (19:52:14) | ===> btop++ v.1.4.0
2025/04/10 (19:52:14) | WARNING: ROCm SMI: Failed to get maximum GPU temperature, defaulting to 110°C
2025/04/10 (19:52:14) | WARNING: ROCm SMI: Failed to get PCIe throughput
2025/04/10 (19:52:18) | WARNING: Failed to join _runner thread on exit!

2025/04/11 (08:39:42) | ===> btop++ v.1.4.0
2025/04/11 (08:39:42) | WARNING: ROCm SMI: Failed to get maximum GPU temperature, defaulting to 110°C
2025/04/11 (08:39:42) | WARNING: ROCm SMI: Failed to get PCIe throughput

2025/04/11 (09:52:16) | ===> btop++ v.1.4.0
2025/04/11 (09:52:16) | WARNING: ROCm SMI: Failed to get maximum GPU temperature, defaulting to 110°C
2025/04/11 (09:52:16) | WARNING: ROCm SMI: Failed to get PCIe throughput

2025/04/11 (19:15:59) | ===> btop++ v.1.4.0
2025/04/11 (19:15:59) | WARNING: ROCm SMI: Failed to get maximum GPU temperature, defaulting to 110°C
2025/04/11 (19:15:59) | WARNING: ROCm SMI: Failed to get PCIe throughput

2025/04/12 (06:09:13) | ===> btop++ v.1.4.0
2025/04/12 (06:09:13) | WARNING: ROCm SMI: Failed to get maximum GPU temperature, defaulting to 110°C
2025/04/12 (06:09:13) | WARNING: ROCm SMI: Failed to get PCIe throughput

2025/04/12 (07:04:57) | ===> btop++ v.1.4.0
2025/04/12 (07:04:57) | WARNING: ROCm SMI: Failed to get maximum GPU temperature, defaulting to 110°C
2025/04/12 (07:04:57) | WARNING: ROCm SMI: Failed to get PCIe throughput

2025/04/12 (10:27:41) | ===> btop++ v.1.4.0
2025/04/12 (10:27:41) | WARNING: ROCm SMI: Failed to get maximum GPU temperature, defaulting to 110°C
2025/04/12 (10:27:41) | WARNING: ROCm SMI: Failed to get PCIe throughput

2025/04/12 (11:16:15) | ===> btop++ v.1.4.0
2025/04/12 (11:16:15) | WARNING: ROCm SMI: Failed to get maximum GPU temperature, defaulting to 110°C
2025/04/12 (11:16:15) | WARNING: ROCm SMI: Failed to get PCIe throughput

2025/04/12 (17:44:37) | ===> btop++ v.1.4.0
2025/04/12 (17:44:37) | WARNING: ROCm SMI: Failed to get maximum GPU temperature, defaulting to 110°C
2025/04/12 (17:44:37) | WARNING: ROCm SMI: Failed to get PCIe throughput

2025/04/12 (17:58:41) | ===> btop++ v.1.4.0
2025/04/12 (17:58:41) | WARNING: ROCm SMI: Failed to get maximum GPU temperature, defaulting to 110°C
2025/04/12 (17:58:41) | WARNING: ROCm SMI: Failed to get PCIe throughput

2025/04/12 (20:25:10) | ===> btop++ v.1.4.0
2025/04/12 (20:25:10) | WARNING: ROCm SMI: Failed to get maximum GPU temperature, defaulting to 110°C
2025/04/12 (20:25:10) | WARNING: ROCm SMI: Failed to get PCIe throughput

2025/04/12 (21:01:38) | ===> btop++ v.1.4.0
2025/04/12 (21:01:38) | WARNING: ROCm SMI: Failed to get maximum GPU temperature, defaulting to 110°C
2025/04/12 (21:01:38) | WARNING: ROCm SMI: Failed to get PCIe throughput

2025/04/12 (21:06:49) | ===> btop++ v.1.4.0
2025/04/12 (21:06:49) | WARNING: ROCm SMI: Failed to get maximum GPU temperature, defaulting to 110°C
2025/04/12 (21:06:49) | WARNING: ROCm SMI: Failed to get PCIe throughput

2025/04/12 (21:11:43) | ===> btop++ v.1.4.0
2025/04/12 (21:11:43) | WARNING: ROCm SMI: Failed to get maximum GPU temperature, defaulting to 110°C
2025/04/12 (21:11:43) | WARNING: ROCm SMI: Failed to get PCIe throughput

2025/04/12 (21:16:13) | ===> btop++ v.1.4.0
2025/04/12 (21:16:13) | WARNING: ROCm SMI: Failed to get maximum GPU temperature, defaulting to 110°C
2025/04/12 (21:16:13) | WARNING: ROCm SMI: Failed to get PCIe throughput

2025/04/12 (21:18:54) | ===> btop++ v.1.4.0
2025/04/12 (21:18:54) | WARNING: ROCm SMI: Failed to get maximum GPU temperature, defaulting to 110°C
2025/04/12 (21:18:54) | WARNING: ROCm SMI: Failed to get PCIe throughput

2025/04/12 (21:20:43) | ===> btop++ v.1.4.0
2025/04/12 (21:20:43) | WARNING: ROCm SMI: Failed to get maximum GPU temperature, defaulting to 110°C
2025/04/12 (21:20:43) | WARNING: ROCm SMI: Failed to get PCIe throughput

2025/04/12 (21:25:56) | ===> btop++ v.1.4.0
2025/04/12 (21:25:56) | WARNING: ROCm SMI: Failed to get maximum GPU temperature, defaulting to 110°C
2025/04/12 (21:25:56) | WARNING: ROCm SMI: Failed to get PCIe throughput

2025/04/12 (23:23:34) | ===> btop++ v.1.4.0
2025/04/12 (23:23:34) | WARNING: ROCm SMI: Failed to get maximum GPU temperature, defaulting to 110°C
2025/04/12 (23:23:34) | WARNING: ROCm SMI: Failed to get PCIe throughput

2025/04/13 (08:44:19) | ===> btop++ v.1.4.0
2025/04/13 (08:44:19) | WARNING: ROCm SMI: Failed to get maximum GPU temperature, defaulting to 110°C
2025/04/13 (08:44:19) | WARNING: ROCm SMI: Failed to get PCIe throughput

2025/04/13 (12:04:45) | ===> btop++ v.1.4.0
2025/04/13 (12:04:45) | WARNING: ROCm SMI: Failed to get maximum GPU temperature, defaulting to 110°C
2025/04/13 (12:04:45) | WARNING: ROCm SMI: Failed to get PCIe throughput

2025/04/14 (08:46:25) | ===> btop++ v.1.4.0
2025/04/14 (08:46:25) | WARNING: ROCm SMI: Failed to get maximum GPU temperature, defaulting to 110°C
2025/04/14 (08:46:25) | WARNING: ROCm SMI: Failed to get PCIe throughput

2025/04/14 (19:08:53) | ===> btop++ v.1.4.0
2025/04/14 (19:08:53) | WARNING: ROCm SMI: Failed to get maximum GPU temperature, defaulting to 110°C
2025/04/14 (19:08:53) | WARNING: ROCm SMI: Failed to get PCIe throughput

2025/04/14 (19:52:05) | ===> btop++ v.1.4.0
2025/04/14 (19:52:05) | WARNING: ROCm SMI: Failed to get maximum GPU temperature, defaulting to 110°C
2025/04/14 (19:52:05) | WARNING: ROCm SMI: Failed to get PCIe throughput

2025/04/14 (21:18:47) | ===> btop++ v.1.4.0
2025/04/14 (21:18:47) | WARNING: ROCm SMI: Failed to get maximum GPU temperature, defaulting to 110°C
2025/04/14 (21:18:47) | WARNING: ROCm SMI: Failed to get PCIe throughput

2025/04/14 (22:26:31) | ===> btop++ v.1.4.0
2025/04/14 (22:26:31) | WARNING: ROCm SMI: Failed to get maximum GPU temperature, defaulting to 110°C
2025/04/14 (22:26:31) | WARNING: ROCm SMI: Failed to get PCIe throughput

2025/04/14 (22:29:59) | ===> btop++ v.1.4.0
2025/04/14 (22:29:59) | WARNING: ROCm SMI: Failed to get maximum GPU temperature, defaulting to 110°C
2025/04/14 (22:29:59) | WARNING: ROCm SMI: Failed to get PCIe throughput

2025/04/15 (08:47:29) | ===> btop++ v.1.4.0
2025/04/15 (08:47:29) | WARNING: ROCm SMI: Failed to get maximum GPU temperature, defaulting to 110°C
2025/04/15 (08:47:29) | WARNING: ROCm SMI: Failed to get PCIe throughput

2025/04/15 (18:16:07) | ===> btop++ v.1.4.0
2025/04/15 (18:16:07) | WARNING: ROCm SMI: Failed to get maximum GPU temperature, defaulting to 110°C
2025/04/15 (18:16:07) | WARNING: ROCm SMI: Failed to get PCIe throughput

2025/04/16 (08:43:35) | ===> btop++ v.1.4.0
2025/04/16 (08:43:35) | WARNING: ROCm SMI: Failed to get maximum GPU temperature, defaulting to 110°C
2025/04/16 (08:43:35) | WARNING: ROCm SMI: Failed to get PCIe throughput

2025/04/16 (18:44:03) | ===> btop++ v.1.4.0
2025/04/16 (18:44:03) | WARNING: ROCm SMI: Failed to get maximum GPU temperature, defaulting to 110°C
2025/04/16 (18:44:03) | WARNING: ROCm SMI: Failed to get PCIe throughput

2025/04/16 (19:47:51) | ===> btop++ v.1.4.0
2025/04/16 (19:47:51) | WARNING: ROCm SMI: Failed to get maximum GPU temperature, defaulting to 110°C
2025/04/16 (19:47:51) | WARNING: ROCm SMI: Failed to get PCIe throughput

2025/04/16 (21:53:21) | ===> btop++ v.1.4.0
2025/04/16 (21:53:21) | WARNING: ROCm SMI: Failed to get maximum GPU temperature, defaulting to 110°C
2025/04/16 (21:53:21) | WARNING: ROCm SMI: Failed to get PCIe throughput

2025/04/17 (08:43:29) | ===> btop++ v.1.4.0
2025/04/17 (08:43:29) | WARNING: ROCm SMI: Failed to get maximum GPU temperature, defaulting to 110°C
2025/04/17 (08:43:29) | WARNING: ROCm SMI: Failed to get PCIe throughput

2025/04/17 (18:09:43) | ===> btop++ v.1.4.0
2025/04/17 (18:09:43) | WARNING: ROCm SMI: Failed to get maximum GPU temperature, defaulting to 110°C
2025/04/17 (18:09:43) | WARNING: ROCm SMI: Failed to get PCIe throughput

2025/04/18 (01:06:27) | ===> btop++ v.1.4.0
2025/04/18 (01:06:27) | WARNING: ROCm SMI: Failed to get maximum GPU temperature, defaulting to 110°C
2025/04/18 (01:06:27) | WARNING: ROCm SMI: Failed to get PCIe throughput

2025/04/18 (08:09:24) | ===> btop++ v.1.4.0
2025/04/18 (08:09:24) | WARNING: ROCm SMI: Failed to get maximum GPU temperature, defaulting to 110°C
2025/04/18 (08:09:24) | WARNING: ROCm SMI: Failed to get PCIe throughput

2025/04/18 (11:31:39) | ===> btop++ v.1.4.0
2025/04/18 (11:31:39) | WARNING: ROCm SMI: Failed to get maximum GPU temperature, defaulting to 110°C
2025/04/18 (11:31:39) | WARNING: ROCm SMI: Failed to get PCIe throughput

2025/04/18 (21:54:24) | ===> btop++ v.1.4.0
2025/04/18 (21:54:24) | WARNING: ROCm SMI: Failed to get maximum GPU temperature, defaulting to 110°C
2025/04/18 (21:54:24) | WARNING: ROCm SMI: Failed to get PCIe throughput

2025/04/18 (22:03:02) | ===> btop++ v.1.4.0
2025/04/18 (22:03:02) | WARNING: ROCm SMI: Failed to get maximum GPU temperature, defaulting to 110°C
2025/04/18 (22:03:02) | WARNING: ROCm SMI: Failed to get PCIe throughput

2025/04/18 (22:32:54) | ===> btop++ v.1.4.0
2025/04/18 (22:32:54) | WARNING: ROCm SMI: Failed to get maximum GPU temperature, defaulting to 110°C
2025/04/18 (22:32:54) | WARNING: ROCm SMI: Failed to get PCIe throughput

2025/04/18 (23:21:32) | ===> btop++ v.1.4.0
2025/04/18 (23:21:32) | WARNING: ROCm SMI: Failed to get maximum GPU temperature, defaulting to 110°C
2025/04/18 (23:21:32) | WARNING: ROCm SMI: Failed to get PCIe throughput

2025/04/19 (08:14:39) | ===> btop++ v.1.4.0
2025/04/19 (08:14:39) | WARNING: ROCm SMI: Failed to get maximum GPU temperature, defaulting to 110°C
2025/04/19 (08:14:39) | WARNING: ROCm SMI: Failed to get PCIe throughput

2025/04/19 (09:25:22) | ===> btop++ v.1.4.0
2025/04/19 (09:25:22) | WARNING: ROCm SMI: Failed to get maximum GPU temperature, defaulting to 110°C
2025/04/19 (09:25:22) | WARNING: ROCm SMI: Failed to get PCIe throughput

2025/04/19 (09:30:25) | ===> btop++ v.1.4.0
2025/04/19 (09:30:25) | WARNING: ROCm SMI: Failed to get maximum GPU temperature, defaulting to 110°C
2025/04/19 (09:30:25) | WARNING: ROCm SMI: Failed to get PCIe throughput

2025/04/19 (23:47:48) | ===> btop++ v.1.4.0
2025/04/19 (23:47:48) | WARNING: ROCm SMI: Failed to get maximum GPU temperature, defaulting to 110°C
2025/04/19 (23:47:48) | WARNING: ROCm SMI: Failed to get PCIe throughput

2025/04/20 (08:59:37) | ===> btop++ v.1.4.0
2025/04/20 (08:59:37) | WARNING: ROCm SMI: Failed to get maximum GPU temperature, defaulting to 110°C
2025/04/20 (08:59:37) | WARNING: ROCm SMI: Failed to get PCIe throughput

2025/04/20 (23:45:01) | ===> btop++ v.1.4.0
2025/04/20 (23:45:01) | WARNING: ROCm SMI: Failed to get maximum GPU temperature, defaulting to 110°C
2025/04/20 (23:45:01) | WARNING: ROCm SMI: Failed to get PCIe throughput

2025/04/20 (23:53:57) | ===> btop++ v.1.4.0
2025/04/20 (23:53:57) | WARNING: ROCm SMI: Failed to get maximum GPU temperature, defaulting to 110°C
2025/04/20 (23:53:57) | WARNING: ROCm SMI: Failed to get PCIe throughput

2025/04/21 (08:17:04) | ===> btop++ v.1.4.0
2025/04/21 (08:17:04) | WARNING: ROCm SMI: Failed to get maximum GPU temperature, defaulting to 110°C
2025/04/21 (08:17:04) | WARNING: ROCm SMI: Failed to get PCIe throughput

2025/04/22 (00:17:55) | ===> btop++ v.1.4.0
2025/04/22 (00:17:55) | WARNING: ROCm SMI: Failed to get maximum GPU temperature, defaulting to 110°C
2025/04/22 (00:17:55) | WARNING: ROCm SMI: Failed to get PCIe throughput

2025/04/22 (18:37:15) | ===> btop++ v.1.4.0
2025/04/22 (18:37:15) | WARNING: ROCm SMI: Failed to get maximum GPU temperature, defaulting to 110°C
2025/04/22 (18:37:15) | WARNING: ROCm SMI: Failed to get PCIe throughput

2025/04/23 (08:47:35) | ===> btop++ v.1.4.0
2025/04/23 (08:47:35) | WARNING: ROCm SMI: Failed to get maximum GPU temperature, defaulting to 110°C
2025/04/23 (08:47:35) | WARNING: ROCm SMI: Failed to get PCIe throughput

2025/04/23 (18:42:42) | ===> btop++ v.1.4.0
2025/04/23 (18:42:42) | WARNING: ROCm SMI: Failed to get maximum GPU temperature, defaulting to 110°C
2025/04/23 (18:42:42) | WARNING: ROCm SMI: Failed to get PCIe throughput

2025/04/23 (22:12:05) | ===> btop++ v.1.4.0
2025/04/23 (22:12:05) | WARNING: ROCm SMI: Failed to get maximum GPU temperature, defaulting to 110°C
2025/04/23 (22:12:05) | WARNING: ROCm SMI: Failed to get PCIe throughput

2025/04/23 (22:15:20) | ===> btop++ v.1.4.0
2025/04/23 (22:15:20) | WARNING: ROCm SMI: Failed to get maximum GPU temperature, defaulting to 110°C
2025/04/23 (22:15:20) | WARNING: ROCm SMI: Failed to get PCIe throughput

2025/04/23 (22:53:58) | ===> btop++ v.1.4.0
2025/04/23 (22:53:58) | WARNING: ROCm SMI: Failed to get maximum GPU temperature, defaulting to 110°C
2025/04/23 (22:53:58) | WARNING: ROCm SMI: Failed to get PCIe throughput

2025/04/24 (09:06:51) | ===> btop++ v.1.4.0
2025/04/24 (09:06:51) | WARNING: ROCm SMI: Failed to get maximum GPU temperature, defaulting to 110°C
2025/04/24 (09:06:51) | WARNING: ROCm SMI: Failed to get PCIe throughput

2025/04/24 (18:42:26) | ===> btop++ v.1.4.0
2025/04/24 (18:42:26) | WARNING: ROCm SMI: Failed to get maximum GPU temperature, defaulting to 110°C
2025/04/24 (18:42:26) | WARNING: ROCm SMI: Failed to get PCIe throughput

2025/04/24 (21:09:33) | ===> btop++ v.1.4.0
2025/04/24 (21:09:33) | WARNING: ROCm SMI: Failed to get maximum GPU temperature, defaulting to 110°C
2025/04/24 (21:09:33) | WARNING: ROCm SMI: Failed to get PCIe throughput

2025/04/25 (08:46:17) | ===> btop++ v.1.4.0
2025/04/25 (08:46:17) | WARNING: ROCm SMI: Failed to get maximum GPU temperature, defaulting to 110°C
2025/04/25 (08:46:17) | WARNING: ROCm SMI: Failed to get PCIe throughput

2025/04/25 (19:08:43) | ===> btop++ v.1.4.0
2025/04/25 (19:08:43) | WARNING: ROCm SMI: Failed to get maximum GPU temperature, defaulting to 110°C
2025/04/25 (19:08:43) | WARNING: ROCm SMI: Failed to get PCIe throughput

2025/04/26 (06:44:47) | ===> btop++ v.1.4.0
2025/04/26 (06:44:47) | WARNING: ROCm SMI: Failed to get maximum GPU temperature, defaulting to 110°C
2025/04/26 (06:44:47) | WARNING: ROCm SMI: Failed to get PCIe throughput

2025/04/26 (16:45:42) | ===> btop++ v.1.4.0
2025/04/26 (16:45:42) | WARNING: ROCm SMI: Failed to get maximum GPU temperature, defaulting to 110°C
2025/04/26 (16:45:42) | WARNING: ROCm SMI: Failed to get PCIe throughput

2025/04/26 (23:22:59) | ===> btop++ v.1.4.0
2025/04/26 (23:22:59) | WARNING: ROCm SMI: Failed to get maximum GPU temperature, defaulting to 110°C
2025/04/26 (23:22:59) | WARNING: ROCm SMI: Failed to get PCIe throughput

2025/04/27 (08:41:40) | ===> btop++ v.1.4.0
2025/04/27 (08:41:40) | WARNING: ROCm SMI: Failed to get maximum GPU temperature, defaulting to 110°C
2025/04/27 (08:41:40) | WARNING: ROCm SMI: Failed to get PCIe throughput

2025/04/27 (17:35:43) | ===> btop++ v.1.4.0
2025/04/27 (17:35:43) | WARNING: ROCm SMI: Failed to get maximum GPU temperature, defaulting to 110°C
2025/04/27 (17:35:43) | WARNING: ROCm SMI: Failed to get PCIe throughput

2025/04/27 (17:38:54) | ===> btop++ v.1.4.0
2025/04/27 (17:38:54) | WARNING: ROCm SMI: Failed to get maximum GPU temperature, defaulting to 110°C
2025/04/27 (17:38:54) | WARNING: ROCm SMI: Failed to get PCIe throughput

2025/04/27 (19:31:03) | ===> btop++ v.1.4.0
2025/04/27 (19:31:03) | WARNING: ROCm SMI: Failed to get maximum GPU temperature, defaulting to 110°C
2025/04/27 (19:31:03) | WARNING: ROCm SMI: Failed to get PCIe throughput

2025/04/28 (08:42:52) | ===> btop++ v.1.4.0
2025/04/28 (08:42:52) | WARNING: ROCm SMI: Failed to get maximum GPU temperature, defaulting to 110°C
2025/04/28 (08:42:52) | WARNING: ROCm SMI: Failed to get PCIe throughput

2025/04/28 (19:07:35) | ===> btop++ v.1.4.0
2025/04/28 (19:07:35) | WARNING: ROCm SMI: Failed to get maximum GPU temperature, defaulting to 110°C
2025/04/28 (19:07:35) | WARNING: ROCm SMI: Failed to get PCIe throughput

2025/04/29 (08:43:30) | ===> btop++ v.1.4.0
2025/04/29 (08:43:30) | WARNING: ROCm SMI: Failed to get maximum GPU temperature, defaulting to 110°C
2025/04/29 (08:43:30) | WARNING: ROCm SMI: Failed to get PCIe throughput

2025/04/29 (19:16:27) | ===> btop++ v.1.4.0
2025/04/29 (19:16:27) | WARNING: ROCm SMI: Failed to get maximum GPU temperature, defaulting to 110°C
2025/04/29 (19:16:27) | WARNING: ROCm SMI: Failed to get PCIe throughput

2025/04/30 (08:44:20) | ===> btop++ v.1.4.0
2025/04/30 (08:44:20) | WARNING: ROCm SMI: Failed to get maximum GPU temperature, defaulting to 110°C
2025/04/30 (08:44:20) | WARNING: ROCm SMI: Failed to get PCIe throughput

2025/04/30 (18:41:39) | ===> btop++ v.1.4.0
2025/04/30 (18:41:39) | WARNING: ROCm SMI: Failed to get maximum GPU temperature, defaulting to 110°C
2025/04/30 (18:41:39) | WARNING: ROCm SMI: Failed to get PCIe throughput

2025/05/01 (08:30:53) | ===> btop++ v.1.4.0
2025/05/01 (08:30:53) | WARNING: ROCm SMI: Failed to get maximum GPU temperature, defaulting to 110°C
2025/05/01 (08:30:53) | WARNING: ROCm SMI: Failed to get PCIe throughput

2025/05/02 (20:09:03) | ===> btop++ v.1.4.0
2025/05/02 (20:09:03) | WARNING: ROCm SMI: Failed to get maximum GPU temperature, defaulting to 110°C
2025/05/02 (20:09:03) | WARNING: ROCm SMI: Failed to get PCIe throughput
