2025-05-29 22:28:38,952 - keybinds - INFO - Logging initialized
2025-05-29 22:28:38,952 - keybinds - INFO - Loading favorites from /home/firstpick/.config/waybar/keybinds_favorites.json
2025-05-29 22:28:38,952 - keybinds - INFO - Loaded 1 favorites
2025-05-29 22:28:39,030 - keybinds - INFO - Executing hyprctl binds command
2025-05-29 22:28:39,040 - keybinds - INFO - Parsing hyprctl output
2025-05-29 22:28:39,040 - keybinds - INFO - Successfully parsed 79 keybinds
2025-05-29 22:29:03,246 - keybinds - INFO - Logging initialized
2025-05-29 22:29:03,246 - keybinds - INFO - Loading favorites from /home/firstpick/.config/waybar/keybinds_favorites.json
2025-05-29 22:29:03,246 - keybinds - INFO - Loaded 1 favorites
2025-05-29 22:29:03,299 - keybinds - INFO - Setting up UI components
2025-05-29 22:29:03,370 - keybinds - INFO - UI setup completed successfully
2025-05-29 22:29:03,370 - keybinds - INFO - Executing hyprctl binds command
2025-05-29 22:29:03,379 - keybinds - INFO - Parsing hyprctl output
2025-05-29 22:29:03,379 - keybinds - INFO - Successfully parsed 79 keybinds
2025-05-29 22:29:03,379 - keybinds - INFO - Starting tree population
2025-05-29 22:29:03,381 - keybinds - INFO - Tree populated with 79 items
2025-05-29 22:29:22,563 - keybinds - INFO - Adding favorite: Super + Q|Toggle Fullscreen
2025-05-29 22:29:22,563 - keybinds - INFO - Saving 2 favorites to /home/firstpick/.config/waybar/keybinds_favorites.json
2025-05-29 22:29:22,563 - keybinds - INFO - Favorites saved successfully
2025-05-29 22:29:23,930 - keybinds - INFO - Adding favorite: Super + Ctrl + G|Toggle Windowgroup
2025-05-29 22:29:23,930 - keybinds - INFO - Saving 3 favorites to /home/firstpick/.config/waybar/keybinds_favorites.json
2025-05-29 22:29:23,930 - keybinds - INFO - Favorites saved successfully
2025-05-29 22:29:25,476 - keybinds - INFO - Adding favorite: Super + Right Click|Resize Window
2025-05-29 22:29:25,477 - keybinds - INFO - Saving 4 favorites to /home/firstpick/.config/waybar/keybinds_favorites.json
2025-05-29 22:29:25,477 - keybinds - INFO - Favorites saved successfully
2025-05-29 22:29:31,653 - keybinds - INFO - Adding favorite: Super + N|Toggle Split Layout
2025-05-29 22:29:31,654 - keybinds - INFO - Saving 5 favorites to /home/firstpick/.config/waybar/keybinds_favorites.json
2025-05-29 22:29:31,654 - keybinds - INFO - Favorites saved successfully
2025-05-29 22:29:36,956 - keybinds - INFO - Removing favorite: Super + Ctrl + G|Toggle Windowgroup
2025-05-29 22:29:36,956 - keybinds - INFO - Saving 4 favorites to /home/firstpick/.config/waybar/keybinds_favorites.json
2025-05-29 22:29:36,957 - keybinds - INFO - Favorites saved successfully
2025-05-29 22:30:30,035 - keybinds - WARNING - Tooltip window does not exist, recreating
2025-05-29 22:30:30,035 - keybinds - INFO - Creating new tooltip window
2025-05-29 22:30:30,035 - keybinds - INFO - Tooltip window created successfully
2025-05-29 22:30:41,237 - keybinds - INFO - Logging initialized
2025-05-29 22:30:41,237 - keybinds - INFO - Loading favorites from /home/firstpick/.config/waybar/keybinds_favorites.json
2025-05-29 22:30:41,237 - keybinds - INFO - Loaded 4 favorites
2025-05-29 22:30:41,273 - keybinds - INFO - Setting up UI components
2025-05-29 22:30:41,317 - keybinds - INFO - UI setup completed successfully
2025-05-29 22:30:41,317 - keybinds - INFO - Executing hyprctl binds command
2025-05-29 22:30:41,326 - keybinds - INFO - Parsing hyprctl output
2025-05-29 22:30:41,326 - keybinds - INFO - Successfully parsed 79 keybinds
2025-05-29 22:30:41,326 - keybinds - INFO - Starting tree population
2025-05-29 22:30:41,328 - keybinds - INFO - Tree populated with 79 items
2025-05-29 22:31:33,072 - keybinds - INFO - Logging initialized
2025-05-29 22:31:33,072 - keybinds - INFO - Loading favorites from /home/firstpick/.config/waybar/keybinds_favorites.json
2025-05-29 22:31:33,072 - keybinds - INFO - Loaded 4 favorites
2025-05-29 22:31:33,107 - keybinds - INFO - Setting up UI components
2025-05-29 22:31:33,151 - keybinds - INFO - UI setup completed successfully
2025-05-29 22:31:33,151 - keybinds - INFO - Executing hyprctl binds command
2025-05-29 22:31:33,159 - keybinds - INFO - Parsing hyprctl output
2025-05-29 22:31:33,159 - keybinds - INFO - Successfully parsed 79 keybinds
2025-05-29 22:31:33,159 - keybinds - INFO - Starting tree population
2025-05-29 22:31:33,160 - keybinds - INFO - Tree populated with 79 items
2025-05-29 22:32:07,410 - keybinds - INFO - Logging initialized
2025-05-29 22:32:07,410 - keybinds - INFO - Loading favorites from /home/firstpick/.config/waybar/keybinds_favorites.json
2025-05-29 22:32:07,410 - keybinds - INFO - Loaded 4 favorites
2025-05-29 22:32:07,444 - keybinds - INFO - Setting up UI components
2025-05-29 22:32:07,491 - keybinds - INFO - UI setup completed successfully
2025-05-29 22:32:07,491 - keybinds - INFO - Executing hyprctl binds command
2025-05-29 22:32:07,499 - keybinds - INFO - Parsing hyprctl output
2025-05-29 22:32:07,500 - keybinds - INFO - Successfully parsed 79 keybinds
2025-05-29 22:32:07,500 - keybinds - INFO - Starting tree population
2025-05-29 22:32:07,501 - keybinds - INFO - Tree populated with 79 items
2025-05-29 22:32:12,951 - keybinds - INFO - Saving 0 favorites to /home/firstpick/.config/waybar/keybinds_favorites.json
2025-05-29 22:32:12,951 - keybinds - INFO - Favorites saved successfully
2025-06-01 17:51:20,460 - keybinds - INFO - Logging initialized
2025-06-01 17:51:20,461 - keybinds - INFO - Loading favorites from /home/firstpick/.config/waybar/keybinds_favorites.json
2025-06-01 17:51:20,461 - keybinds - INFO - Loaded 0 favorites
2025-06-01 17:51:20,504 - keybinds - INFO - Setting up UI components
2025-06-01 17:51:20,556 - keybinds - INFO - UI setup completed successfully
2025-06-01 17:51:20,556 - keybinds - INFO - Executing hyprctl binds command
2025-06-01 17:51:20,562 - keybinds - INFO - Parsing hyprctl output
2025-06-01 17:51:20,563 - keybinds - INFO - Successfully parsed 80 keybinds
2025-06-01 17:51:20,563 - keybinds - INFO - Starting tree population
2025-06-01 17:51:20,565 - keybinds - INFO - Tree populated with 80 items
2025-06-03 22:32:46,680 - keybinds - INFO - Logging initialized
2025-06-03 22:32:46,680 - keybinds - INFO - Loading favorites from /home/firstpick/.config/waybar/keybinds_favorites.json
2025-06-03 22:32:46,680 - keybinds - INFO - Loaded 0 favorites
2025-06-03 22:32:46,723 - keybinds - INFO - Setting up UI components
2025-06-03 22:32:46,766 - keybinds - INFO - UI setup completed successfully
2025-06-03 22:32:46,766 - keybinds - INFO - Executing hyprctl binds command
2025-06-03 22:32:46,771 - keybinds - INFO - Parsing hyprctl output
2025-06-03 22:32:46,772 - keybinds - INFO - Successfully parsed 81 keybinds
2025-06-03 22:32:46,772 - keybinds - INFO - Starting tree population
2025-06-03 22:32:46,773 - keybinds - INFO - Tree populated with 81 items
2025-06-04 16:00:36,925 - keybinds - INFO - Logging initialized
2025-06-04 16:00:36,925 - keybinds - INFO - Loading favorites from /home/firstpick/.config/waybar/keybinds_favorites.json
2025-06-04 16:00:36,925 - keybinds - INFO - Loaded 0 favorites
2025-06-04 16:00:36,967 - keybinds - INFO - Setting up UI components
2025-06-04 16:00:37,012 - keybinds - INFO - UI setup completed successfully
2025-06-04 16:00:37,012 - keybinds - INFO - Executing hyprctl binds command
2025-06-04 16:00:37,017 - keybinds - INFO - Parsing hyprctl output
2025-06-04 16:00:37,018 - keybinds - INFO - Successfully parsed 82 keybinds
2025-06-04 16:00:37,018 - keybinds - INFO - Starting tree population
2025-06-04 16:00:37,019 - keybinds - INFO - Tree populated with 82 items
2025-06-05 11:06:42,003 - keybinds - INFO - Logging initialized
2025-06-05 11:06:42,003 - keybinds - INFO - Loading favorites from /home/firstpick/.config/waybar/keybinds_favorites.json
2025-06-05 11:06:42,003 - keybinds - INFO - Loaded 0 favorites
2025-06-05 11:06:42,052 - keybinds - INFO - Setting up UI components
2025-06-05 11:06:42,102 - keybinds - INFO - UI setup completed successfully
2025-06-05 11:06:42,102 - keybinds - INFO - Executing hyprctl binds command
2025-06-05 11:06:42,109 - keybinds - INFO - Parsing hyprctl output
2025-06-05 11:06:42,109 - keybinds - INFO - Successfully parsed 82 keybinds
2025-06-05 11:06:42,109 - keybinds - INFO - Starting tree population
2025-06-05 11:06:42,110 - keybinds - INFO - Tree populated with 82 items
2025-06-05 11:07:08,396 - keybinds - INFO - Adding favorite: Super + Shift + W|Open Archwiki (Locally)
2025-06-05 11:07:08,396 - keybinds - INFO - Saving 1 favorites to /home/firstpick/.config/waybar/keybinds_favorites.json
2025-06-05 11:07:08,397 - keybinds - INFO - Favorites saved successfully
